[    0.000000] Linux version 5.4.0-42-generic (buildd@lgw01-amd64-023) (gcc version 7.5.0 (Ubuntu 7.5.0-3ubuntu1~18.04)) #46~18.04.1-Ubuntu SMP Fri Jul 10 07:21:24 UTC 2020 (Ubuntu 5.4.0-42.46~18.04.1-generic 5.4.44)
[    0.000000] Command line: BOOT_IMAGE=/boot/vmlinuz-5.4.0-42-generic root=UUID=eca55cc2-60a5-44c7-8090-309925855af1 ro find_preseed=/preseed.cfg auto noprompt priority=critical locale=en_US quiet
[    0.000000] KERNEL supported cpus:
[    0.000000]   Intel GenuineIntel
[    0.000000]   AMD AuthenticAMD
[    0.000000]   Hygon HygonGenuine
[    0.000000]   Centaur CentaurHauls
[    0.000000]   zhaoxin   Shanghai  
[    0.000000] Disabled fast string operations
[    0.000000] x86/fpu: Supporting XSAVE feature 0x001: 'x87 floating point registers'
[    0.000000] x86/fpu: Supporting XSAVE feature 0x002: 'SSE registers'
[    0.000000] x86/fpu: Supporting XSAVE feature 0x004: 'AVX registers'
[    0.000000] x86/fpu: xstate_offset[2]:  576, xstate_sizes[2]:  256
[    0.000000] x86/fpu: Enabled xstate features 0x7, context size is 832 bytes, using 'standard' format.
[    0.000000] BIOS-provided physical RAM map:
[    0.000000] BIOS-e820: [mem 0x0000000000000000-0x000000000009e7ff] usable
[    0.000000] BIOS-e820: [mem 0x000000000009e800-0x000000000009ffff] reserved
[    0.000000] BIOS-e820: [mem 0x00000000000dc000-0x00000000000fffff] reserved
[    0.000000] BIOS-e820: [mem 0x0000000000100000-0x00000000bfecffff] usable
[    0.000000] BIOS-e820: [mem 0x00000000bfed0000-0x00000000bfefefff] ACPI data
[    0.000000] BIOS-e820: [mem 0x00000000bfeff000-0x00000000bfefffff] ACPI NVS
[    0.000000] BIOS-e820: [mem 0x00000000bff00000-0x00000000bfffffff] usable
[    0.000000] BIOS-e820: [mem 0x00000000f0000000-0x00000000f7ffffff] reserved
[    0.000000] BIOS-e820: [mem 0x00000000fec00000-0x00000000fec0ffff] reserved
[    0.000000] BIOS-e820: [mem 0x00000000fee00000-0x00000000fee00fff] reserved
[    0.000000] BIOS-e820: [mem 0x00000000fffe0000-0x00000000ffffffff] reserved
[    0.000000] BIOS-e820: [mem 0x0000000100000000-0x000000023fffffff] usable
[    0.000000] NX (Execute Disable) protection: active
[    0.000000] SMBIOS 2.7 present.
[    0.000000] DMI: VMware, Inc. VMware Virtual Platform/440BX Desktop Reference Platform, BIOS 6.00 02/27/2020
[    0.000000] vmware: hypercall mode: 0x00
[    0.000000] Hypervisor detected: VMware
[    0.000000] vmware: TSC freq read from hypervisor : 3392.144 MHz
[    0.000000] vmware: Host bus clock speed read from hypervisor : 66000000 Hz
[    0.000000] vmware: using sched offset of 4905769740 ns
[    0.000001] tsc: Detected 3392.144 MHz processor
[    0.003489] e820: update [mem 0x00000000-0x00000fff] usable ==> reserved
[    0.003490] e820: remove [mem 0x000a0000-0x000fffff] usable
[    0.003494] last_pfn = 0x240000 max_arch_pfn = 0x400000000
[    0.003507] MTRR default type: uncachable
[    0.003507] MTRR fixed ranges enabled:
[    0.003508]   00000-9FFFF write-back
[    0.003509]   A0000-BFFFF uncachable
[    0.003509]   C0000-CFFFF write-protect
[    0.003510]   D0000-EFFFF uncachable
[    0.003510]   F0000-FFFFF write-protect
[    0.003510] MTRR variable ranges enabled:
[    0.003511]   0 base 00000000000 mask 7C000000000 write-back
[    0.003512]   1 base 000C0000000 mask 7FFC0000000 uncachable
[    0.003512]   2 disabled
[    0.003513]   3 disabled
[    0.003513]   4 disabled
[    0.003513]   5 disabled
[    0.003513]   6 disabled
[    0.003514]   7 disabled
[    0.003523] x86/PAT: Configuration [0-7]: WB  WC  UC- UC  WB  WP  UC- WT  
[    0.003532] total RAM covered: 261120M
[    0.003812]  gran_size: 64K 	chunk_size: 64K 	num_reg: 8  	lose cover RAM: 0G
[    0.003813]  gran_size: 64K 	chunk_size: 128K 	num_reg: 8  	lose cover RAM: 0G
[    0.003814]  gran_size: 64K 	chunk_size: 256K 	num_reg: 8  	lose cover RAM: 0G
[    0.003814]  gran_size: 64K 	chunk_size: 512K 	num_reg: 8  	lose cover RAM: 0G
[    0.003815]  gran_size: 64K 	chunk_size: 1M 	num_reg: 8  	lose cover RAM: 0G
[    0.003816]  gran_size: 64K 	chunk_size: 2M 	num_reg: 8  	lose cover RAM: 0G
[    0.003816]  gran_size: 64K 	chunk_size: 4M 	num_reg: 8  	lose cover RAM: 0G
[    0.003817]  gran_size: 64K 	chunk_size: 8M 	num_reg: 8  	lose cover RAM: 0G
[    0.003817]  gran_size: 64K 	chunk_size: 16M 	num_reg: 8  	lose cover RAM: 0G
[    0.003818]  gran_size: 64K 	chunk_size: 32M 	num_reg: 8  	lose cover RAM: 0G
[    0.003818]  gran_size: 64K 	chunk_size: 64M 	num_reg: 8  	lose cover RAM: 0G
[    0.003819]  gran_size: 64K 	chunk_size: 128M 	num_reg: 8  	lose cover RAM: 0G
[    0.003819]  gran_size: 64K 	chunk_size: 256M 	num_reg: 8  	lose cover RAM: 0G
[    0.003820]  gran_size: 64K 	chunk_size: 512M 	num_reg: 8  	lose cover RAM: 0G
[    0.003820]  gran_size: 64K 	chunk_size: 1G 	num_reg: 8  	lose cover RAM: 0G
[    0.003821]  gran_size: 64K 	chunk_size: 2G 	num_reg: 8  	lose cover RAM: 0G
[    0.003821]  gran_size: 128K 	chunk_size: 128K 	num_reg: 8  	lose cover RAM: 0G
[    0.003822]  gran_size: 128K 	chunk_size: 256K 	num_reg: 8  	lose cover RAM: 0G
[    0.003823]  gran_size: 128K 	chunk_size: 512K 	num_reg: 8  	lose cover RAM: 0G
[    0.003823]  gran_size: 128K 	chunk_size: 1M 	num_reg: 8  	lose cover RAM: 0G
[    0.003824]  gran_size: 128K 	chunk_size: 2M 	num_reg: 8  	lose cover RAM: 0G
[    0.003824]  gran_size: 128K 	chunk_size: 4M 	num_reg: 8  	lose cover RAM: 0G
[    0.003825]  gran_size: 128K 	chunk_size: 8M 	num_reg: 8  	lose cover RAM: 0G
[    0.003825]  gran_size: 128K 	chunk_size: 16M 	num_reg: 8  	lose cover RAM: 0G
[    0.003826]  gran_size: 128K 	chunk_size: 32M 	num_reg: 8  	lose cover RAM: 0G
[    0.003826]  gran_size: 128K 	chunk_size: 64M 	num_reg: 8  	lose cover RAM: 0G
[    0.003827]  gran_size: 128K 	chunk_size: 128M 	num_reg: 8  	lose cover RAM: 0G
[    0.003827]  gran_size: 128K 	chunk_size: 256M 	num_reg: 8  	lose cover RAM: 0G
[    0.003828]  gran_size: 128K 	chunk_size: 512M 	num_reg: 8  	lose cover RAM: 0G
[    0.003828]  gran_size: 128K 	chunk_size: 1G 	num_reg: 8  	lose cover RAM: 0G
[    0.003829]  gran_size: 128K 	chunk_size: 2G 	num_reg: 8  	lose cover RAM: 0G
[    0.003829]  gran_size: 256K 	chunk_size: 256K 	num_reg: 8  	lose cover RAM: 0G
[    0.003830]  gran_size: 256K 	chunk_size: 512K 	num_reg: 8  	lose cover RAM: 0G
[    0.003830]  gran_size: 256K 	chunk_size: 1M 	num_reg: 8  	lose cover RAM: 0G
[    0.003831]  gran_size: 256K 	chunk_size: 2M 	num_reg: 8  	lose cover RAM: 0G
[    0.003831]  gran_size: 256K 	chunk_size: 4M 	num_reg: 8  	lose cover RAM: 0G
[    0.003832]  gran_size: 256K 	chunk_size: 8M 	num_reg: 8  	lose cover RAM: 0G
[    0.003832]  gran_size: 256K 	chunk_size: 16M 	num_reg: 8  	lose cover RAM: 0G
[    0.003833]  gran_size: 256K 	chunk_size: 32M 	num_reg: 8  	lose cover RAM: 0G
[    0.003833]  gran_size: 256K 	chunk_size: 64M 	num_reg: 8  	lose cover RAM: 0G
[    0.003834]  gran_size: 256K 	chunk_size: 128M 	num_reg: 8  	lose cover RAM: 0G
[    0.003834]  gran_size: 256K 	chunk_size: 256M 	num_reg: 8  	lose cover RAM: 0G
[    0.003835]  gran_size: 256K 	chunk_size: 512M 	num_reg: 8  	lose cover RAM: 0G
[    0.003835]  gran_size: 256K 	chunk_size: 1G 	num_reg: 8  	lose cover RAM: 0G
[    0.003836]  gran_size: 256K 	chunk_size: 2G 	num_reg: 8  	lose cover RAM: 0G
[    0.003836]  gran_size: 512K 	chunk_size: 512K 	num_reg: 8  	lose cover RAM: 0G
[    0.003837]  gran_size: 512K 	chunk_size: 1M 	num_reg: 8  	lose cover RAM: 0G
[    0.003837]  gran_size: 512K 	chunk_size: 2M 	num_reg: 8  	lose cover RAM: 0G
[    0.003838]  gran_size: 512K 	chunk_size: 4M 	num_reg: 8  	lose cover RAM: 0G
[    0.003838]  gran_size: 512K 	chunk_size: 8M 	num_reg: 8  	lose cover RAM: 0G
[    0.003839]  gran_size: 512K 	chunk_size: 16M 	num_reg: 8  	lose cover RAM: 0G
[    0.003840]  gran_size: 512K 	chunk_size: 32M 	num_reg: 8  	lose cover RAM: 0G
[    0.003840]  gran_size: 512K 	chunk_size: 64M 	num_reg: 8  	lose cover RAM: 0G
[    0.003841]  gran_size: 512K 	chunk_size: 128M 	num_reg: 8  	lose cover RAM: 0G
[    0.003841]  gran_size: 512K 	chunk_size: 256M 	num_reg: 8  	lose cover RAM: 0G
[    0.003842]  gran_size: 512K 	chunk_size: 512M 	num_reg: 8  	lose cover RAM: 0G
[    0.003842]  gran_size: 512K 	chunk_size: 1G 	num_reg: 8  	lose cover RAM: 0G
[    0.003843]  gran_size: 512K 	chunk_size: 2G 	num_reg: 8  	lose cover RAM: 0G
[    0.003843]  gran_size: 1M 	chunk_size: 1M 	num_reg: 8  	lose cover RAM: 0G
[    0.003844]  gran_size: 1M 	chunk_size: 2M 	num_reg: 8  	lose cover RAM: 0G
[    0.003844]  gran_size: 1M 	chunk_size: 4M 	num_reg: 8  	lose cover RAM: 0G
[    0.003845]  gran_size: 1M 	chunk_size: 8M 	num_reg: 8  	lose cover RAM: 0G
[    0.003845]  gran_size: 1M 	chunk_size: 16M 	num_reg: 8  	lose cover RAM: 0G
[    0.003846]  gran_size: 1M 	chunk_size: 32M 	num_reg: 8  	lose cover RAM: 0G
[    0.003846]  gran_size: 1M 	chunk_size: 64M 	num_reg: 8  	lose cover RAM: 0G
[    0.003847]  gran_size: 1M 	chunk_size: 128M 	num_reg: 8  	lose cover RAM: 0G
[    0.003847]  gran_size: 1M 	chunk_size: 256M 	num_reg: 8  	lose cover RAM: 0G
[    0.003848]  gran_size: 1M 	chunk_size: 512M 	num_reg: 8  	lose cover RAM: 0G
[    0.003848]  gran_size: 1M 	chunk_size: 1G 	num_reg: 8  	lose cover RAM: 0G
[    0.003849]  gran_size: 1M 	chunk_size: 2G 	num_reg: 8  	lose cover RAM: 0G
[    0.003849]  gran_size: 2M 	chunk_size: 2M 	num_reg: 8  	lose cover RAM: 0G
[    0.003850]  gran_size: 2M 	chunk_size: 4M 	num_reg: 8  	lose cover RAM: 0G
[    0.003850]  gran_size: 2M 	chunk_size: 8M 	num_reg: 8  	lose cover RAM: 0G
[    0.003851]  gran_size: 2M 	chunk_size: 16M 	num_reg: 8  	lose cover RAM: 0G
[    0.003851]  gran_size: 2M 	chunk_size: 32M 	num_reg: 8  	lose cover RAM: 0G
[    0.003852]  gran_size: 2M 	chunk_size: 64M 	num_reg: 8  	lose cover RAM: 0G
[    0.003852]  gran_size: 2M 	chunk_size: 128M 	num_reg: 8  	lose cover RAM: 0G
[    0.003853]  gran_size: 2M 	chunk_size: 256M 	num_reg: 8  	lose cover RAM: 0G
[    0.003853]  gran_size: 2M 	chunk_size: 512M 	num_reg: 8  	lose cover RAM: 0G
[    0.003854]  gran_size: 2M 	chunk_size: 1G 	num_reg: 8  	lose cover RAM: 0G
[    0.003855]  gran_size: 2M 	chunk_size: 2G 	num_reg: 8  	lose cover RAM: 0G
[    0.003855]  gran_size: 4M 	chunk_size: 4M 	num_reg: 8  	lose cover RAM: 0G
[    0.003856]  gran_size: 4M 	chunk_size: 8M 	num_reg: 8  	lose cover RAM: 0G
[    0.003856]  gran_size: 4M 	chunk_size: 16M 	num_reg: 8  	lose cover RAM: 0G
[    0.003857]  gran_size: 4M 	chunk_size: 32M 	num_reg: 8  	lose cover RAM: 0G
[    0.003857]  gran_size: 4M 	chunk_size: 64M 	num_reg: 8  	lose cover RAM: 0G
[    0.003858]  gran_size: 4M 	chunk_size: 128M 	num_reg: 8  	lose cover RAM: 0G
[    0.003858]  gran_size: 4M 	chunk_size: 256M 	num_reg: 8  	lose cover RAM: 0G
[    0.003859]  gran_size: 4M 	chunk_size: 512M 	num_reg: 8  	lose cover RAM: 0G
[    0.003859]  gran_size: 4M 	chunk_size: 1G 	num_reg: 8  	lose cover RAM: 0G
[    0.003860]  gran_size: 4M 	chunk_size: 2G 	num_reg: 8  	lose cover RAM: 0G
[    0.003860]  gran_size: 8M 	chunk_size: 8M 	num_reg: 8  	lose cover RAM: 0G
[    0.003861]  gran_size: 8M 	chunk_size: 16M 	num_reg: 8  	lose cover RAM: 0G
[    0.003861]  gran_size: 8M 	chunk_size: 32M 	num_reg: 8  	lose cover RAM: 0G
[    0.003862]  gran_size: 8M 	chunk_size: 64M 	num_reg: 8  	lose cover RAM: 0G
[    0.003862]  gran_size: 8M 	chunk_size: 128M 	num_reg: 8  	lose cover RAM: 0G
[    0.003863]  gran_size: 8M 	chunk_size: 256M 	num_reg: 8  	lose cover RAM: 0G
[    0.003863]  gran_size: 8M 	chunk_size: 512M 	num_reg: 8  	lose cover RAM: 0G
[    0.003864]  gran_size: 8M 	chunk_size: 1G 	num_reg: 8  	lose cover RAM: 0G
[    0.003864]  gran_size: 8M 	chunk_size: 2G 	num_reg: 8  	lose cover RAM: 0G
[    0.003865]  gran_size: 16M 	chunk_size: 16M 	num_reg: 8  	lose cover RAM: 0G
[    0.003865]  gran_size: 16M 	chunk_size: 32M 	num_reg: 8  	lose cover RAM: 0G
[    0.003866]  gran_size: 16M 	chunk_size: 64M 	num_reg: 8  	lose cover RAM: 0G
[    0.003866]  gran_size: 16M 	chunk_size: 128M 	num_reg: 8  	lose cover RAM: 0G
[    0.003867]  gran_size: 16M 	chunk_size: 256M 	num_reg: 8  	lose cover RAM: 0G
[    0.003867]  gran_size: 16M 	chunk_size: 512M 	num_reg: 8  	lose cover RAM: 0G
[    0.003868]  gran_size: 16M 	chunk_size: 1G 	num_reg: 8  	lose cover RAM: 0G
[    0.003868]  gran_size: 16M 	chunk_size: 2G 	num_reg: 8  	lose cover RAM: 0G
[    0.003869]  gran_size: 32M 	chunk_size: 32M 	num_reg: 8  	lose cover RAM: 0G
[    0.003869]  gran_size: 32M 	chunk_size: 64M 	num_reg: 8  	lose cover RAM: 0G
[    0.003870]  gran_size: 32M 	chunk_size: 128M 	num_reg: 8  	lose cover RAM: 0G
[    0.003870]  gran_size: 32M 	chunk_size: 256M 	num_reg: 8  	lose cover RAM: 0G
[    0.003871]  gran_size: 32M 	chunk_size: 512M 	num_reg: 8  	lose cover RAM: 0G
[    0.003872]  gran_size: 32M 	chunk_size: 1G 	num_reg: 8  	lose cover RAM: 0G
[    0.003872]  gran_size: 32M 	chunk_size: 2G 	num_reg: 8  	lose cover RAM: 0G
[    0.003873]  gran_size: 64M 	chunk_size: 64M 	num_reg: 8  	lose cover RAM: 0G
[    0.003873]  gran_size: 64M 	chunk_size: 128M 	num_reg: 8  	lose cover RAM: 0G
[    0.003874]  gran_size: 64M 	chunk_size: 256M 	num_reg: 8  	lose cover RAM: 0G
[    0.003874]  gran_size: 64M 	chunk_size: 512M 	num_reg: 8  	lose cover RAM: 0G
[    0.003875]  gran_size: 64M 	chunk_size: 1G 	num_reg: 8  	lose cover RAM: 0G
[    0.003875]  gran_size: 64M 	chunk_size: 2G 	num_reg: 8  	lose cover RAM: 0G
[    0.003876]  gran_size: 128M 	chunk_size: 128M 	num_reg: 8  	lose cover RAM: 0G
[    0.003876]  gran_size: 128M 	chunk_size: 256M 	num_reg: 8  	lose cover RAM: 0G
[    0.003877]  gran_size: 128M 	chunk_size: 512M 	num_reg: 8  	lose cover RAM: 0G
[    0.003877]  gran_size: 128M 	chunk_size: 1G 	num_reg: 8  	lose cover RAM: 0G
[    0.003878]  gran_size: 128M 	chunk_size: 2G 	num_reg: 8  	lose cover RAM: 0G
[    0.003878]  gran_size: 256M 	chunk_size: 256M 	num_reg: 8  	lose cover RAM: 0G
[    0.003879]  gran_size: 256M 	chunk_size: 512M 	num_reg: 8  	lose cover RAM: 0G
[    0.003879]  gran_size: 256M 	chunk_size: 1G 	num_reg: 8  	lose cover RAM: 0G
[    0.003880]  gran_size: 256M 	chunk_size: 2G 	num_reg: 8  	lose cover RAM: 0G
[    0.003880]  gran_size: 512M 	chunk_size: 512M 	num_reg: 8  	lose cover RAM: 0G
[    0.003881]  gran_size: 512M 	chunk_size: 1G 	num_reg: 8  	lose cover RAM: 0G
[    0.003881]  gran_size: 512M 	chunk_size: 2G 	num_reg: 8  	lose cover RAM: 0G
[    0.003882]  gran_size: 1G 	chunk_size: 1G 	num_reg: 8  	lose cover RAM: 0G
[    0.003882]  gran_size: 1G 	chunk_size: 2G 	num_reg: 8  	lose cover RAM: 0G
[    0.003883]  gran_size: 2G 	chunk_size: 2G 	num_reg: 7  	lose cover RAM: 1G
[    0.003883] mtrr_cleanup: can not find optimal value
[    0.003884] please specify mtrr_gran_size/mtrr_chunk_size
[    0.003888] e820: update [mem 0xc0000000-0xffffffff] usable ==> reserved
[    0.003893] last_pfn = 0xc0000 max_arch_pfn = 0x400000000
[    0.012263] found SMP MP-table at [mem 0x000f6a70-0x000f6a7f]
[    0.012336] check: Scanning 1 areas for low memory corruption
[    0.012368] Using GB pages for direct mapping
[    0.012370] BRK [0x1c5602000, 0x1c5602fff] PGTABLE
[    0.012372] BRK [0x1c5603000, 0x1c5603fff] PGTABLE
[    0.012372] BRK [0x1c5604000, 0x1c5604fff] PGTABLE
[    0.012400] BRK [0x1c5605000, 0x1c5605fff] PGTABLE
[    0.012480] BRK [0x1c5606000, 0x1c5606fff] PGTABLE
[    0.012500] BRK [0x1c5607000, 0x1c5607fff] PGTABLE
[    0.012554] RAMDISK: [mem 0x33227000-0x3590afff]
[    0.012574] ACPI: Early table checksum verification disabled
[    0.012577] ACPI: RSDP 0x00000000000F6A00 000024 (v02 PTLTD )
[    0.012580] ACPI: XSDT 0x00000000BFEDB633 00005C (v01 INTEL  440BX    06040000 VMW  01324272)
[    0.012585] ACPI: FACP 0x00000000BFEFEE73 0000F4 (v04 INTEL  440BX    06040000 PTL  000F4240)
[    0.012592] ACPI: DSDT 0x00000000BFEDD001 021E72 (v01 PTLTD  Custom   06040000 MSFT 03000001)
[    0.012595] ACPI: FACS 0x00000000BFEFFFC0 000040
[    0.012598] ACPI: FACS 0x00000000BFEFFFC0 000040
[    0.012600] ACPI: BOOT 0x00000000BFEDCFB4 000028 (v01 PTLTD  $SBFTBL$ 06040000  LTP 00000001)
[    0.012603] ACPI: APIC 0x00000000BFEDC872 000742 (v01 PTLTD  ? APIC   06040000  LTP 00000000)
[    0.012606] ACPI: MCFG 0x00000000BFEDC836 00003C (v01 PTLTD  $PCITBL$ 06040000  LTP 00000001)
[    0.012608] ACPI: SRAT 0x00000000BFEDB72F 0008D0 (v02 VMWARE MEMPLUG  06040000 VMW  00000001)
[    0.012611] ACPI: HPET 0x00000000BFEDB6F7 000038 (v01 VMWARE VMW HPET 06040000 VMW  00000001)
[    0.012614] ACPI: WAET 0x00000000BFEDB6CF 000028 (v01 VMWARE VMW WAET 06040000 VMW  00000001)
[    0.012624] ACPI: Local APIC address 0xfee00000
[    0.012633] system APIC only can use physical flat
[    0.012633] Setting APIC routing to physical flat.
[    0.012664] SRAT: PXM 0 -> APIC 0x00 -> Node 0
[    0.012664] SRAT: PXM 0 -> APIC 0x02 -> Node 0
[    0.012665] SRAT: PXM 0 -> APIC 0x04 -> Node 0
[    0.012665] SRAT: PXM 0 -> APIC 0x06 -> Node 0
[    0.012665] SRAT: PXM 0 -> APIC 0x08 -> Node 0
[    0.012666] SRAT: PXM 0 -> APIC 0x0a -> Node 0
[    0.012666] SRAT: PXM 0 -> APIC 0x0c -> Node 0
[    0.012666] SRAT: PXM 0 -> APIC 0x0e -> Node 0
[    0.012667] SRAT: PXM 0 -> APIC 0x10 -> Node 0
[    0.012667] SRAT: PXM 0 -> APIC 0x12 -> Node 0
[    0.012667] SRAT: PXM 0 -> APIC 0x14 -> Node 0
[    0.012668] SRAT: PXM 0 -> APIC 0x16 -> Node 0
[    0.012668] SRAT: PXM 0 -> APIC 0x18 -> Node 0
[    0.012668] SRAT: PXM 0 -> APIC 0x1a -> Node 0
[    0.012669] SRAT: PXM 0 -> APIC 0x1c -> Node 0
[    0.012669] SRAT: PXM 0 -> APIC 0x1e -> Node 0
[    0.012669] SRAT: PXM 0 -> APIC 0x20 -> Node 0
[    0.012670] SRAT: PXM 0 -> APIC 0x22 -> Node 0
[    0.012670] SRAT: PXM 0 -> APIC 0x24 -> Node 0
[    0.012670] SRAT: PXM 0 -> APIC 0x26 -> Node 0
[    0.012671] SRAT: PXM 0 -> APIC 0x28 -> Node 0
[    0.012671] SRAT: PXM 0 -> APIC 0x2a -> Node 0
[    0.012671] SRAT: PXM 0 -> APIC 0x2c -> Node 0
[    0.012672] SRAT: PXM 0 -> APIC 0x2e -> Node 0
[    0.012672] SRAT: PXM 0 -> APIC 0x30 -> Node 0
[    0.012672] SRAT: PXM 0 -> APIC 0x32 -> Node 0
[    0.012673] SRAT: PXM 0 -> APIC 0x34 -> Node 0
[    0.012673] SRAT: PXM 0 -> APIC 0x36 -> Node 0
[    0.012673] SRAT: PXM 0 -> APIC 0x38 -> Node 0
[    0.012674] SRAT: PXM 0 -> APIC 0x3a -> Node 0
[    0.012674] SRAT: PXM 0 -> APIC 0x3c -> Node 0
[    0.012674] SRAT: PXM 0 -> APIC 0x3e -> Node 0
[    0.012675] SRAT: PXM 0 -> APIC 0x40 -> Node 0
[    0.012675] SRAT: PXM 0 -> APIC 0x42 -> Node 0
[    0.012675] SRAT: PXM 0 -> APIC 0x44 -> Node 0
[    0.012676] SRAT: PXM 0 -> APIC 0x46 -> Node 0
[    0.012676] SRAT: PXM 0 -> APIC 0x48 -> Node 0
[    0.012676] SRAT: PXM 0 -> APIC 0x4a -> Node 0
[    0.012677] SRAT: PXM 0 -> APIC 0x4c -> Node 0
[    0.012677] SRAT: PXM 0 -> APIC 0x4e -> Node 0
[    0.012677] SRAT: PXM 0 -> APIC 0x50 -> Node 0
[    0.012678] SRAT: PXM 0 -> APIC 0x52 -> Node 0
[    0.012678] SRAT: PXM 0 -> APIC 0x54 -> Node 0
[    0.012678] SRAT: PXM 0 -> APIC 0x56 -> Node 0
[    0.012679] SRAT: PXM 0 -> APIC 0x58 -> Node 0
[    0.012679] SRAT: PXM 0 -> APIC 0x5a -> Node 0
[    0.012679] SRAT: PXM 0 -> APIC 0x5c -> Node 0
[    0.012680] SRAT: PXM 0 -> APIC 0x5e -> Node 0
[    0.012680] SRAT: PXM 0 -> APIC 0x60 -> Node 0
[    0.012680] SRAT: PXM 0 -> APIC 0x62 -> Node 0
[    0.012681] SRAT: PXM 0 -> APIC 0x64 -> Node 0
[    0.012681] SRAT: PXM 0 -> APIC 0x66 -> Node 0
[    0.012681] SRAT: PXM 0 -> APIC 0x68 -> Node 0
[    0.012682] SRAT: PXM 0 -> APIC 0x6a -> Node 0
[    0.012682] SRAT: PXM 0 -> APIC 0x6c -> Node 0
[    0.012682] SRAT: PXM 0 -> APIC 0x6e -> Node 0
[    0.012683] SRAT: PXM 0 -> APIC 0x70 -> Node 0
[    0.012683] SRAT: PXM 0 -> APIC 0x72 -> Node 0
[    0.012683] SRAT: PXM 0 -> APIC 0x74 -> Node 0
[    0.012684] SRAT: PXM 0 -> APIC 0x76 -> Node 0
[    0.012684] SRAT: PXM 0 -> APIC 0x78 -> Node 0
[    0.012684] SRAT: PXM 0 -> APIC 0x7a -> Node 0
[    0.012685] SRAT: PXM 0 -> APIC 0x7c -> Node 0
[    0.012685] SRAT: PXM 0 -> APIC 0x7e -> Node 0
[    0.012685] SRAT: PXM 0 -> APIC 0x80 -> Node 0
[    0.012686] SRAT: PXM 0 -> APIC 0x82 -> Node 0
[    0.012686] SRAT: PXM 0 -> APIC 0x84 -> Node 0
[    0.012686] SRAT: PXM 0 -> APIC 0x86 -> Node 0
[    0.012687] SRAT: PXM 0 -> APIC 0x88 -> Node 0
[    0.012687] SRAT: PXM 0 -> APIC 0x8a -> Node 0
[    0.012687] SRAT: PXM 0 -> APIC 0x8c -> Node 0
[    0.012688] SRAT: PXM 0 -> APIC 0x8e -> Node 0
[    0.012688] SRAT: PXM 0 -> APIC 0x90 -> Node 0
[    0.012688] SRAT: PXM 0 -> APIC 0x92 -> Node 0
[    0.012689] SRAT: PXM 0 -> APIC 0x94 -> Node 0
[    0.012689] SRAT: PXM 0 -> APIC 0x96 -> Node 0
[    0.012689] SRAT: PXM 0 -> APIC 0x98 -> Node 0
[    0.012690] SRAT: PXM 0 -> APIC 0x9a -> Node 0
[    0.012690] SRAT: PXM 0 -> APIC 0x9c -> Node 0
[    0.012690] SRAT: PXM 0 -> APIC 0x9e -> Node 0
[    0.012691] SRAT: PXM 0 -> APIC 0xa0 -> Node 0
[    0.012691] SRAT: PXM 0 -> APIC 0xa2 -> Node 0
[    0.012691] SRAT: PXM 0 -> APIC 0xa4 -> Node 0
[    0.012692] SRAT: PXM 0 -> APIC 0xa6 -> Node 0
[    0.012692] SRAT: PXM 0 -> APIC 0xa8 -> Node 0
[    0.012692] SRAT: PXM 0 -> APIC 0xaa -> Node 0
[    0.012693] SRAT: PXM 0 -> APIC 0xac -> Node 0
[    0.012693] SRAT: PXM 0 -> APIC 0xae -> Node 0
[    0.012693] SRAT: PXM 0 -> APIC 0xb0 -> Node 0
[    0.012694] SRAT: PXM 0 -> APIC 0xb2 -> Node 0
[    0.012694] SRAT: PXM 0 -> APIC 0xb4 -> Node 0
[    0.012694] SRAT: PXM 0 -> APIC 0xb6 -> Node 0
[    0.012695] SRAT: PXM 0 -> APIC 0xb8 -> Node 0
[    0.012695] SRAT: PXM 0 -> APIC 0xba -> Node 0
[    0.012695] SRAT: PXM 0 -> APIC 0xbc -> Node 0
[    0.012696] SRAT: PXM 0 -> APIC 0xbe -> Node 0
[    0.012696] SRAT: PXM 0 -> APIC 0xc0 -> Node 0
[    0.012696] SRAT: PXM 0 -> APIC 0xc2 -> Node 0
[    0.012697] SRAT: PXM 0 -> APIC 0xc4 -> Node 0
[    0.012721] SRAT: PXM 0 -> APIC 0xc6 -> Node 0
[    0.012722] SRAT: PXM 0 -> APIC 0xc8 -> Node 0
[    0.012722] SRAT: PXM 0 -> APIC 0xca -> Node 0
[    0.012723] SRAT: PXM 0 -> APIC 0xcc -> Node 0
[    0.012723] SRAT: PXM 0 -> APIC 0xce -> Node 0
[    0.012723] SRAT: PXM 0 -> APIC 0xd0 -> Node 0
[    0.012724] SRAT: PXM 0 -> APIC 0xd2 -> Node 0
[    0.012724] SRAT: PXM 0 -> APIC 0xd4 -> Node 0
[    0.012724] SRAT: PXM 0 -> APIC 0xd6 -> Node 0
[    0.012725] SRAT: PXM 0 -> APIC 0xd8 -> Node 0
[    0.012725] SRAT: PXM 0 -> APIC 0xda -> Node 0
[    0.012725] SRAT: PXM 0 -> APIC 0xdc -> Node 0
[    0.012726] SRAT: PXM 0 -> APIC 0xde -> Node 0
[    0.012726] SRAT: PXM 0 -> APIC 0xe0 -> Node 0
[    0.012726] SRAT: PXM 0 -> APIC 0xe2 -> Node 0
[    0.012727] SRAT: PXM 0 -> APIC 0xe4 -> Node 0
[    0.012727] SRAT: PXM 0 -> APIC 0xe6 -> Node 0
[    0.012727] SRAT: PXM 0 -> APIC 0xe8 -> Node 0
[    0.012728] SRAT: PXM 0 -> APIC 0xea -> Node 0
[    0.012728] SRAT: PXM 0 -> APIC 0xec -> Node 0
[    0.012728] SRAT: PXM 0 -> APIC 0xee -> Node 0
[    0.012729] SRAT: PXM 0 -> APIC 0xf0 -> Node 0
[    0.012729] SRAT: PXM 0 -> APIC 0xf2 -> Node 0
[    0.012729] SRAT: PXM 0 -> APIC 0xf4 -> Node 0
[    0.012730] SRAT: PXM 0 -> APIC 0xf6 -> Node 0
[    0.012730] SRAT: PXM 0 -> APIC 0xf8 -> Node 0
[    0.012730] SRAT: PXM 0 -> APIC 0xfa -> Node 0
[    0.012731] SRAT: PXM 0 -> APIC 0xfc -> Node 0
[    0.012731] SRAT: PXM 0 -> APIC 0xfe -> Node 0
[    0.012735] ACPI: SRAT: Node 0 PXM 0 [mem 0x00000000-0x0009ffff]
[    0.012736] ACPI: SRAT: Node 0 PXM 0 [mem 0x00100000-0xbfffffff]
[    0.012736] ACPI: SRAT: Node 0 PXM 0 [mem 0x100000000-0x23fffffff]
[    0.012737] ACPI: SRAT: Node 0 PXM 0 [mem 0x240000000-0x203fffffff] hotplug
[    0.012739] NUMA: Node 0 [mem 0x00000000-0x0009ffff] + [mem 0x00100000-0xbfffffff] -> [mem 0x00000000-0xbfffffff]
[    0.012740] NUMA: Node 0 [mem 0x00000000-0xbfffffff] + [mem 0x100000000-0x23fffffff] -> [mem 0x00000000-0x23fffffff]
[    0.012756] NODE_DATA(0) allocated [mem 0x23ffd5000-0x23fffffff]
[    0.013487] Zone ranges:
[    0.013488]   DMA      [mem 0x0000000000001000-0x0000000000ffffff]
[    0.013489]   DMA32    [mem 0x0000000001000000-0x00000000ffffffff]
[    0.013490]   Normal   [mem 0x0000000100000000-0x000000023fffffff]
[    0.013490]   Device   empty
[    0.013491] Movable zone start for each node
[    0.013493] Early memory node ranges
[    0.013493]   node   0: [mem 0x0000000000001000-0x000000000009dfff]
[    0.013494]   node   0: [mem 0x0000000000100000-0x00000000bfecffff]
[    0.013495]   node   0: [mem 0x00000000bff00000-0x00000000bfffffff]
[    0.013495]   node   0: [mem 0x0000000100000000-0x000000023fffffff]
[    0.013595] Zeroed struct page in unavailable ranges: 147 pages
[    0.013596] Initmem setup node 0 [mem 0x0000000000001000-0x000000023fffffff]
[    0.013597] On node 0 totalpages: 2097005
[    0.013598]   DMA zone: 64 pages used for memmap
[    0.013598]   DMA zone: 21 pages reserved
[    0.013599]   DMA zone: 3997 pages, LIFO batch:0
[    0.014298]   DMA32 zone: 12224 pages used for memmap
[    0.014298]   DMA32 zone: 782288 pages, LIFO batch:63
[    0.146606]   Normal zone: 20480 pages used for memmap
[    0.146607]   Normal zone: 1310720 pages, LIFO batch:63
[    0.366645] ACPI: PM-Timer IO Port: 0x1008
[    0.366647] ACPI: Local APIC address 0xfee00000
[    0.366651] system APIC only can use physical flat
[    0.366662] ACPI: LAPIC_NMI (acpi_id[0x00] high edge lint[0x1])
[    0.366662] ACPI: LAPIC_NMI (acpi_id[0x01] high edge lint[0x1])
[    0.366663] ACPI: LAPIC_NMI (acpi_id[0x02] high edge lint[0x1])
[    0.366663] ACPI: LAPIC_NMI (acpi_id[0x03] high edge lint[0x1])
[    0.366663] ACPI: LAPIC_NMI (acpi_id[0x04] high edge lint[0x1])
[    0.366664] ACPI: LAPIC_NMI (acpi_id[0x05] high edge lint[0x1])
[    0.366664] ACPI: LAPIC_NMI (acpi_id[0x06] high edge lint[0x1])
[    0.366664] ACPI: LAPIC_NMI (acpi_id[0x07] high edge lint[0x1])
[    0.366665] ACPI: LAPIC_NMI (acpi_id[0x08] high edge lint[0x1])
[    0.366665] ACPI: LAPIC_NMI (acpi_id[0x09] high edge lint[0x1])
[    0.366665] ACPI: LAPIC_NMI (acpi_id[0x0a] high edge lint[0x1])
[    0.366666] ACPI: LAPIC_NMI (acpi_id[0x0b] high edge lint[0x1])
[    0.366666] ACPI: LAPIC_NMI (acpi_id[0x0c] high edge lint[0x1])
[    0.366666] ACPI: LAPIC_NMI (acpi_id[0x0d] high edge lint[0x1])
[    0.366667] ACPI: LAPIC_NMI (acpi_id[0x0e] high edge lint[0x1])
[    0.366667] ACPI: LAPIC_NMI (acpi_id[0x0f] high edge lint[0x1])
[    0.366668] ACPI: LAPIC_NMI (acpi_id[0x10] high edge lint[0x1])
[    0.366668] ACPI: LAPIC_NMI (acpi_id[0x11] high edge lint[0x1])
[    0.366668] ACPI: LAPIC_NMI (acpi_id[0x12] high edge lint[0x1])
[    0.366669] ACPI: LAPIC_NMI (acpi_id[0x13] high edge lint[0x1])
[    0.366669] ACPI: LAPIC_NMI (acpi_id[0x14] high edge lint[0x1])
[    0.366669] ACPI: LAPIC_NMI (acpi_id[0x15] high edge lint[0x1])
[    0.366670] ACPI: LAPIC_NMI (acpi_id[0x16] high edge lint[0x1])
[    0.366670] ACPI: LAPIC_NMI (acpi_id[0x17] high edge lint[0x1])
[    0.366670] ACPI: LAPIC_NMI (acpi_id[0x18] high edge lint[0x1])
[    0.366671] ACPI: LAPIC_NMI (acpi_id[0x19] high edge lint[0x1])
[    0.366671] ACPI: LAPIC_NMI (acpi_id[0x1a] high edge lint[0x1])
[    0.366671] ACPI: LAPIC_NMI (acpi_id[0x1b] high edge lint[0x1])
[    0.366672] ACPI: LAPIC_NMI (acpi_id[0x1c] high edge lint[0x1])
[    0.366672] ACPI: LAPIC_NMI (acpi_id[0x1d] high edge lint[0x1])
[    0.366672] ACPI: LAPIC_NMI (acpi_id[0x1e] high edge lint[0x1])
[    0.366673] ACPI: LAPIC_NMI (acpi_id[0x1f] high edge lint[0x1])
[    0.366673] ACPI: LAPIC_NMI (acpi_id[0x20] high edge lint[0x1])
[    0.366674] ACPI: LAPIC_NMI (acpi_id[0x21] high edge lint[0x1])
[    0.366674] ACPI: LAPIC_NMI (acpi_id[0x22] high edge lint[0x1])
[    0.366674] ACPI: LAPIC_NMI (acpi_id[0x23] high edge lint[0x1])
[    0.366675] ACPI: LAPIC_NMI (acpi_id[0x24] high edge lint[0x1])
[    0.366675] ACPI: LAPIC_NMI (acpi_id[0x25] high edge lint[0x1])
[    0.366675] ACPI: LAPIC_NMI (acpi_id[0x26] high edge lint[0x1])
[    0.366676] ACPI: LAPIC_NMI (acpi_id[0x27] high edge lint[0x1])
[    0.366676] ACPI: LAPIC_NMI (acpi_id[0x28] high edge lint[0x1])
[    0.366676] ACPI: LAPIC_NMI (acpi_id[0x29] high edge lint[0x1])
[    0.366677] ACPI: LAPIC_NMI (acpi_id[0x2a] high edge lint[0x1])
[    0.366677] ACPI: LAPIC_NMI (acpi_id[0x2b] high edge lint[0x1])
[    0.366677] ACPI: LAPIC_NMI (acpi_id[0x2c] high edge lint[0x1])
[    0.366678] ACPI: LAPIC_NMI (acpi_id[0x2d] high edge lint[0x1])
[    0.366678] ACPI: LAPIC_NMI (acpi_id[0x2e] high edge lint[0x1])
[    0.366678] ACPI: LAPIC_NMI (acpi_id[0x2f] high edge lint[0x1])
[    0.366679] ACPI: LAPIC_NMI (acpi_id[0x30] high edge lint[0x1])
[    0.366679] ACPI: LAPIC_NMI (acpi_id[0x31] high edge lint[0x1])
[    0.366679] ACPI: LAPIC_NMI (acpi_id[0x32] high edge lint[0x1])
[    0.366680] ACPI: LAPIC_NMI (acpi_id[0x33] high edge lint[0x1])
[    0.366680] ACPI: LAPIC_NMI (acpi_id[0x34] high edge lint[0x1])
[    0.366681] ACPI: LAPIC_NMI (acpi_id[0x35] high edge lint[0x1])
[    0.366681] ACPI: LAPIC_NMI (acpi_id[0x36] high edge lint[0x1])
[    0.366681] ACPI: LAPIC_NMI (acpi_id[0x37] high edge lint[0x1])
[    0.366682] ACPI: LAPIC_NMI (acpi_id[0x38] high edge lint[0x1])
[    0.366682] ACPI: LAPIC_NMI (acpi_id[0x39] high edge lint[0x1])
[    0.366682] ACPI: LAPIC_NMI (acpi_id[0x3a] high edge lint[0x1])
[    0.366683] ACPI: LAPIC_NMI (acpi_id[0x3b] high edge lint[0x1])
[    0.366683] ACPI: LAPIC_NMI (acpi_id[0x3c] high edge lint[0x1])
[    0.366683] ACPI: LAPIC_NMI (acpi_id[0x3d] high edge lint[0x1])
[    0.366684] ACPI: LAPIC_NMI (acpi_id[0x3e] high edge lint[0x1])
[    0.366684] ACPI: LAPIC_NMI (acpi_id[0x3f] high edge lint[0x1])
[    0.366684] ACPI: LAPIC_NMI (acpi_id[0x40] high edge lint[0x1])
[    0.366685] ACPI: LAPIC_NMI (acpi_id[0x41] high edge lint[0x1])
[    0.366685] ACPI: LAPIC_NMI (acpi_id[0x42] high edge lint[0x1])
[    0.366685] ACPI: LAPIC_NMI (acpi_id[0x43] high edge lint[0x1])
[    0.366686] ACPI: LAPIC_NMI (acpi_id[0x44] high edge lint[0x1])
[    0.366686] ACPI: LAPIC_NMI (acpi_id[0x45] high edge lint[0x1])
[    0.366687] ACPI: LAPIC_NMI (acpi_id[0x46] high edge lint[0x1])
[    0.366687] ACPI: LAPIC_NMI (acpi_id[0x47] high edge lint[0x1])
[    0.366687] ACPI: LAPIC_NMI (acpi_id[0x48] high edge lint[0x1])
[    0.366688] ACPI: LAPIC_NMI (acpi_id[0x49] high edge lint[0x1])
[    0.366688] ACPI: LAPIC_NMI (acpi_id[0x4a] high edge lint[0x1])
[    0.366688] ACPI: LAPIC_NMI (acpi_id[0x4b] high edge lint[0x1])
[    0.366689] ACPI: LAPIC_NMI (acpi_id[0x4c] high edge lint[0x1])
[    0.366689] ACPI: LAPIC_NMI (acpi_id[0x4d] high edge lint[0x1])
[    0.366689] ACPI: LAPIC_NMI (acpi_id[0x4e] high edge lint[0x1])
[    0.366690] ACPI: LAPIC_NMI (acpi_id[0x4f] high edge lint[0x1])
[    0.366690] ACPI: LAPIC_NMI (acpi_id[0x50] high edge lint[0x1])
[    0.366690] ACPI: LAPIC_NMI (acpi_id[0x51] high edge lint[0x1])
[    0.366691] ACPI: LAPIC_NMI (acpi_id[0x52] high edge lint[0x1])
[    0.366691] ACPI: LAPIC_NMI (acpi_id[0x53] high edge lint[0x1])
[    0.366691] ACPI: LAPIC_NMI (acpi_id[0x54] high edge lint[0x1])
[    0.366692] ACPI: LAPIC_NMI (acpi_id[0x55] high edge lint[0x1])
[    0.366692] ACPI: LAPIC_NMI (acpi_id[0x56] high edge lint[0x1])
[    0.366693] ACPI: LAPIC_NMI (acpi_id[0x57] high edge lint[0x1])
[    0.366693] ACPI: LAPIC_NMI (acpi_id[0x58] high edge lint[0x1])
[    0.366693] ACPI: LAPIC_NMI (acpi_id[0x59] high edge lint[0x1])
[    0.366694] ACPI: LAPIC_NMI (acpi_id[0x5a] high edge lint[0x1])
[    0.366694] ACPI: LAPIC_NMI (acpi_id[0x5b] high edge lint[0x1])
[    0.366694] ACPI: LAPIC_NMI (acpi_id[0x5c] high edge lint[0x1])
[    0.366695] ACPI: LAPIC_NMI (acpi_id[0x5d] high edge lint[0x1])
[    0.366695] ACPI: LAPIC_NMI (acpi_id[0x5e] high edge lint[0x1])
[    0.366695] ACPI: LAPIC_NMI (acpi_id[0x5f] high edge lint[0x1])
[    0.366696] ACPI: LAPIC_NMI (acpi_id[0x60] high edge lint[0x1])
[    0.366696] ACPI: LAPIC_NMI (acpi_id[0x61] high edge lint[0x1])
[    0.366696] ACPI: LAPIC_NMI (acpi_id[0x62] high edge lint[0x1])
[    0.366697] ACPI: LAPIC_NMI (acpi_id[0x63] high edge lint[0x1])
[    0.366697] ACPI: LAPIC_NMI (acpi_id[0x64] high edge lint[0x1])
[    0.366697] ACPI: LAPIC_NMI (acpi_id[0x65] high edge lint[0x1])
[    0.366698] ACPI: LAPIC_NMI (acpi_id[0x66] high edge lint[0x1])
[    0.366698] ACPI: LAPIC_NMI (acpi_id[0x67] high edge lint[0x1])
[    0.366699] ACPI: LAPIC_NMI (acpi_id[0x68] high edge lint[0x1])
[    0.366699] ACPI: LAPIC_NMI (acpi_id[0x69] high edge lint[0x1])
[    0.366699] ACPI: LAPIC_NMI (acpi_id[0x6a] high edge lint[0x1])
[    0.366700] ACPI: LAPIC_NMI (acpi_id[0x6b] high edge lint[0x1])
[    0.366700] ACPI: LAPIC_NMI (acpi_id[0x6c] high edge lint[0x1])
[    0.366700] ACPI: LAPIC_NMI (acpi_id[0x6d] high edge lint[0x1])
[    0.366701] ACPI: LAPIC_NMI (acpi_id[0x6e] high edge lint[0x1])
[    0.366701] ACPI: LAPIC_NMI (acpi_id[0x6f] high edge lint[0x1])
[    0.366701] ACPI: LAPIC_NMI (acpi_id[0x70] high edge lint[0x1])
[    0.366702] ACPI: LAPIC_NMI (acpi_id[0x71] high edge lint[0x1])
[    0.366702] ACPI: LAPIC_NMI (acpi_id[0x72] high edge lint[0x1])
[    0.366702] ACPI: LAPIC_NMI (acpi_id[0x73] high edge lint[0x1])
[    0.366703] ACPI: LAPIC_NMI (acpi_id[0x74] high edge lint[0x1])
[    0.366703] ACPI: LAPIC_NMI (acpi_id[0x75] high edge lint[0x1])
[    0.366703] ACPI: LAPIC_NMI (acpi_id[0x76] high edge lint[0x1])
[    0.366704] ACPI: LAPIC_NMI (acpi_id[0x77] high edge lint[0x1])
[    0.366704] ACPI: LAPIC_NMI (acpi_id[0x78] high edge lint[0x1])
[    0.366705] ACPI: LAPIC_NMI (acpi_id[0x79] high edge lint[0x1])
[    0.366705] ACPI: LAPIC_NMI (acpi_id[0x7a] high edge lint[0x1])
[    0.366705] ACPI: LAPIC_NMI (acpi_id[0x7b] high edge lint[0x1])
[    0.366706] ACPI: LAPIC_NMI (acpi_id[0x7c] high edge lint[0x1])
[    0.366706] ACPI: LAPIC_NMI (acpi_id[0x7d] high edge lint[0x1])
[    0.366706] ACPI: LAPIC_NMI (acpi_id[0x7e] high edge lint[0x1])
[    0.366707] ACPI: LAPIC_NMI (acpi_id[0x7f] high edge lint[0x1])
[    0.366738] IOAPIC[0]: apic_id 1, version 32, address 0xfec00000, GSI 0-23
[    0.366741] ACPI: INT_SRC_OVR (bus 0 bus_irq 0 global_irq 2 high edge)
[    0.366743] ACPI: IRQ0 used by override.
[    0.366744] ACPI: IRQ9 used by override.
[    0.366746] Using ACPI (MADT) for SMP configuration information
[    0.366748] ACPI: HPET id: 0x8086af01 base: 0xfed00000
[    0.366758] smpboot: Allowing 128 CPUs, 124 hotplug CPUs
[    0.366783] PM: Registered nosave memory: [mem 0x00000000-0x00000fff]
[    0.366784] PM: Registered nosave memory: [mem 0x0009e000-0x0009efff]
[    0.366785] PM: Registered nosave memory: [mem 0x0009f000-0x0009ffff]
[    0.366785] PM: Registered nosave memory: [mem 0x000a0000-0x000dbfff]
[    0.366785] PM: Registered nosave memory: [mem 0x000dc000-0x000fffff]
[    0.366786] PM: Registered nosave memory: [mem 0xbfed0000-0xbfefefff]
[    0.366787] PM: Registered nosave memory: [mem 0xbfeff000-0xbfefffff]
[    0.366787] PM: Registered nosave memory: [mem 0xc0000000-0xefffffff]
[    0.366788] PM: Registered nosave memory: [mem 0xf0000000-0xf7ffffff]
[    0.366788] PM: Registered nosave memory: [mem 0xf8000000-0xfebfffff]
[    0.366788] PM: Registered nosave memory: [mem 0xfec00000-0xfec0ffff]
[    0.366789] PM: Registered nosave memory: [mem 0xfec10000-0xfedfffff]
[    0.366789] PM: Registered nosave memory: [mem 0xfee00000-0xfee00fff]
[    0.366789] PM: Registered nosave memory: [mem 0xfee01000-0xfffdffff]
[    0.366790] PM: Registered nosave memory: [mem 0xfffe0000-0xffffffff]
[    0.366791] [mem 0xc0000000-0xefffffff] available for PCI devices
[    0.366792] Booting paravirtualized kernel on VMware hypervisor
[    0.366794] clocksource: refined-jiffies: mask: 0xffffffff max_cycles: 0xffffffff, max_idle_ns: 7645519600211568 ns
[    0.366798] setup_percpu: NR_CPUS:8192 nr_cpumask_bits:128 nr_cpu_ids:128 nr_node_ids:1
[    0.451144] percpu: Embedded 54 pages/cpu s184320 r8192 d28672 u262144
[    0.451153] pcpu-alloc: s184320 r8192 d28672 u262144 alloc=1*2097152
[    0.451154] pcpu-alloc: [0] 000 001 002 003 004 005 006 007 
[    0.451156] pcpu-alloc: [0] 008 009 010 011 012 013 014 015 
[    0.451157] pcpu-alloc: [0] 016 017 018 019 020 021 022 023 
[    0.451158] pcpu-alloc: [0] 024 025 026 027 028 029 030 031 
[    0.451159] pcpu-alloc: [0] 032 033 034 035 036 037 038 039 
[    0.451161] pcpu-alloc: [0] 040 041 042 043 044 045 046 047 
[    0.451162] pcpu-alloc: [0] 048 049 050 051 052 053 054 055 
[    0.451163] pcpu-alloc: [0] 056 057 058 059 060 061 062 063 
[    0.451164] pcpu-alloc: [0] 064 065 066 067 068 069 070 071 
[    0.451166] pcpu-alloc: [0] 072 073 074 075 076 077 078 079 
[    0.451167] pcpu-alloc: [0] 080 081 082 083 084 085 086 087 
[    0.451168] pcpu-alloc: [0] 088 089 090 091 092 093 094 095 
[    0.451169] pcpu-alloc: [0] 096 097 098 099 100 101 102 103 
[    0.451171] pcpu-alloc: [0] 104 105 106 107 108 109 110 111 
[    0.451172] pcpu-alloc: [0] 112 113 114 115 116 117 118 119 
[    0.451173] pcpu-alloc: [0] 120 121 122 123 124 125 126 127 
[    0.451228] Built 1 zonelists, mobility grouping on.  Total pages: 2064216
[    0.451228] Policy zone: Normal
[    0.451230] Kernel command line: BOOT_IMAGE=/boot/vmlinuz-5.4.0-42-generic root=UUID=eca55cc2-60a5-44c7-8090-309925855af1 ro find_preseed=/preseed.cfg auto noprompt priority=critical locale=en_US quiet
[    0.451369] printk: log_buf_len individual max cpu contribution: 4096 bytes
[    0.451370] printk: log_buf_len total cpu_extra contributions: 520192 bytes
[    0.451370] printk: log_buf_len min size: 262144 bytes
[    0.454030] printk: log_buf_len: 1048576 bytes
[    0.454031] printk: early log buf free: 224132(85%)
[    0.474728] Dentry cache hash table entries: 1048576 (order: 11, 8388608 bytes, linear)
[    0.485119] Inode-cache hash table entries: 524288 (order: 10, 4194304 bytes, linear)
[    0.487267] mem auto-init: stack:off, heap alloc:on, heap free:off
[    0.576914] Calgary: detecting Calgary via BIOS EBDA area
[    0.576916] Calgary: Unable to locate Rio Grande table in EBDA - bailing!
[    0.594880] Memory: 8077052K/8388020K available (14339K kernel code, 2378K rwdata, 4924K rodata, 2704K init, 5020K bss, 310968K reserved, 0K cma-reserved)
[    0.594888] random: get_random_u64 called from __kmem_cache_create+0x41/0x550 with crng_init=0
[    0.595720] SLUB: HWalign=64, Order=0-3, MinObjects=0, CPUs=128, Nodes=1
[    0.595777] Kernel/User page tables isolation: enabled
[    0.596068] ftrace: allocating 44191 entries in 173 pages
[    0.611015] rcu: Hierarchical RCU implementation.
[    0.611016] rcu: 	RCU restricting CPUs from NR_CPUS=8192 to nr_cpu_ids=128.
[    0.611017] 	Tasks RCU enabled.
[    0.611017] rcu: RCU calculated value of scheduler-enlistment delay is 25 jiffies.
[    0.611018] rcu: Adjusting geometry for rcu_fanout_leaf=16, nr_cpu_ids=128
[    0.613546] NR_IRQS: 524544, nr_irqs: 1448, preallocated irqs: 16
[    0.613983] random: crng done (trusting CPU's manufacturer)
[    0.615419] Console: colour VGA+ 80x25
[    0.615427] printk: console [tty0] enabled
[    0.615508] ACPI: Core revision 20190816
[    0.615988] clocksource: hpet: mask: 0xffffffff max_cycles: 0xffffffff, max_idle_ns: 133484882848 ns
[    0.616038] APIC: Switch to symmetric I/O mode setup
[    0.616189] x2apic enabled
[    0.616376] Switched APIC routing to physical x2apic.
[    0.617214] ..TIMER: vector=0x30 apic1=0 pin1=2 apic2=-1 pin2=-1
[    0.617236] clocksource: tsc-early: mask: 0xffffffffffffffff max_cycles: 0x30e5517d4e4, max_idle_ns: 440795261668 ns
[    0.617240] Calibrating delay loop (skipped) preset value.. 6784.28 BogoMIPS (lpj=13568576)
[    0.617241] pid_max: default: 131072 minimum: 1024
[    0.617355] LSM: Security Framework initializing
[    0.617382] Yama: becoming mindful.
[    0.624150] AppArmor: AppArmor initialized
[    0.624508] Mount-cache hash table entries: 16384 (order: 5, 131072 bytes, linear)
[    0.624892] Mountpoint-cache hash table entries: 16384 (order: 5, 131072 bytes, linear)
[    0.624973] *** VALIDATE tmpfs ***
[    0.625648] *** VALIDATE proc ***
[    0.625752] *** VALIDATE cgroup1 ***
[    0.625753] *** VALIDATE cgroup2 ***
[    0.625968] Disabled fast string operations
[    0.626025] Last level iTLB entries: 4KB 1024, 2MB 1024, 4MB 1024
[    0.626026] Last level dTLB entries: 4KB 1024, 2MB 1024, 4MB 1024, 1GB 4
[    0.626029] Spectre V1 : Mitigation: usercopy/swapgs barriers and __user pointer sanitization
[    0.626030] Spectre V2 : Mitigation: Full generic retpoline
[    0.626030] Spectre V2 : Spectre v2 / SpectreRSB mitigation: Filling RSB on context switch
[    0.626030] Spectre V2 : Enabling Restricted Speculation for firmware calls
[    0.626032] Spectre V2 : mitigation: Enabling conditional Indirect Branch Prediction Barrier
[    0.626032] Speculative Store Bypass: Mitigation: Speculative Store Bypass disabled via prctl and seccomp
[    0.626035] SRBDS: Unknown: Dependent on hypervisor status
[    0.626035] MDS: Mitigation: Clear CPU buffers
[    0.626162] Freeing SMP alternatives memory: 40K
[    0.629606] smpboot: CPU0: Intel(R) Core(TM) i7-4770 CPU @ 3.40GHz (family: 0x6, model: 0x3c, stepping: 0x3)
[    0.630179] Performance Events: Haswell events, core PMU driver.
[    0.630194] core: CPUID marked event: 'cpu cycles' unavailable
[    0.630195] core: CPUID marked event: 'instructions' unavailable
[    0.630195] core: CPUID marked event: 'bus cycles' unavailable
[    0.630195] core: CPUID marked event: 'cache references' unavailable
[    0.630196] core: CPUID marked event: 'cache misses' unavailable
[    0.630196] core: CPUID marked event: 'branch instructions' unavailable
[    0.630196] core: CPUID marked event: 'branch misses' unavailable
[    0.630197] ... version:                1
[    0.630198] ... bit width:              48
[    0.630198] ... generic registers:      4
[    0.630198] ... value mask:             0000ffffffffffff
[    0.630199] ... max period:             000000007fffffff
[    0.630199] ... fixed-purpose events:   0
[    0.630199] ... event mask:             000000000000000f
[    0.630319] rcu: Hierarchical SRCU implementation.
[    0.631118] NMI watchdog: Perf NMI watchdog permanently disabled
[    0.641118] smp: Bringing up secondary CPUs ...
[    0.641663] x86: Booting SMP configuration:
[    0.641664] .... node  #0, CPUs:          #1
[    0.007352] Disabled fast string operations
[    0.007352] smpboot: CPU 1 Converting physical 2 to logical package 1
[    0.007352] smpboot: CPU 1 Converting physical 0 to logical die 1
[    0.642518]    #2
[    0.007352] Disabled fast string operations
[    0.007352] smpboot: CPU 2 Converting physical 4 to logical package 2
[    0.007352] smpboot: CPU 2 Converting physical 0 to logical die 2
[    0.642752]    #3
[    0.007352] Disabled fast string operations
[    0.007352] smpboot: CPU 3 Converting physical 6 to logical package 3
[    0.007352] smpboot: CPU 3 Converting physical 0 to logical die 3
[    0.645437] smp: Brought up 1 node, 4 CPUs
[    0.645437] smpboot: Max logical packages: 128
[    0.645437] smpboot: Total of 4 processors activated (27137.15 BogoMIPS)
[    0.646619] devtmpfs: initialized
[    0.646619] x86/mm: Memory block size: 128MB
[    0.646928] PM: Registering ACPI NVS region [mem 0xbfeff000-0xbfefffff] (4096 bytes)
[    0.649306] clocksource: jiffies: mask: 0xffffffff max_cycles: 0xffffffff, max_idle_ns: 7645041785100000 ns
[    0.654685] futex hash table entries: 32768 (order: 9, 2097152 bytes, linear)
[    0.654854] pinctrl core: initialized pinctrl subsystem
[    0.654854] PM: RTC time: 18:56:46, date: 2020-08-09
[    0.655360] NET: Registered protocol family 16
[    0.655481] audit: initializing netlink subsys (disabled)
[    0.657241] audit: type=2000 audit(1596999406.040:1): state=initialized audit_enabled=0 res=1
[    0.655498] EISA bus registered
[    0.657308] cpuidle: using governor ladder
[    0.657308] cpuidle: using governor menu
[    0.657308] Simple Boot Flag at 0x36 set to 0x80
[    0.657312] ACPI: bus type PCI registered
[    0.657313] acpiphp: ACPI Hot Plug PCI Controller Driver version: 0.5
[    0.657656] PCI: MMCONFIG for domain 0000 [bus 00-7f] at [mem 0xf0000000-0xf7ffffff] (base 0xf0000000)
[    0.657659] PCI: MMCONFIG at [mem 0xf0000000-0xf7ffffff] reserved in E820
[    0.657664] pmd_set_huge: Cannot satisfy [mem 0xf0000000-0xf0200000] with a huge-page mapping due to MTRR override.
[    0.657664] PCI: Using configuration type 1 for base access
[    0.657664] core: PMU erratum BJ122, BV98, HSD29 workaround disabled, HT off
[    0.661420] HugeTLB registered 1.00 GiB page size, pre-allocated 0 pages
[    0.661420] HugeTLB registered 2.00 MiB page size, pre-allocated 0 pages
[    0.678024] ACPI: Added _OSI(Module Device)
[    0.678024] ACPI: Added _OSI(Processor Device)
[    0.678024] ACPI: Added _OSI(3.0 _SCP Extensions)
[    0.678024] ACPI: Added _OSI(Processor Aggregator Device)
[    0.678024] ACPI: Added _OSI(Linux-Dell-Video)
[    0.678024] ACPI: Added _OSI(Linux-Lenovo-NV-HDMI-Audio)
[    0.678024] ACPI: Added _OSI(Linux-HPI-Hybrid-Graphics)
[    0.700531] ACPI: 1 ACPI AML tables successfully acquired and loaded
[    0.702866] ACPI: [Firmware Bug]: BIOS _OSI(Linux) query ignored
[    0.723611] ACPI: Interpreter enabled
[    0.723623] ACPI: (supports S0 S1 S4 S5)
[    0.723624] ACPI: Using IOAPIC for interrupt routing
[    0.723715] PCI: Using host bridge windows from ACPI; if necessary, use "pci=nocrs" and report a bug
[    0.725205] ACPI: Enabled 4 GPEs in block 00 to 0F
[    0.899696] ACPI: PCI Root Bridge [PCI0] (domain 0000 [bus 00-7f])
[    0.899702] acpi PNP0A03:00: _OSC: OS supports [ExtendedConfig ASPM ClockPM Segments MSI HPX-Type3]
[    0.899881] acpi PNP0A03:00: _OSC: platform does not support [AER LTR]
[    0.900072] acpi PNP0A03:00: _OSC: OS now controls [PCIeHotplug SHPCHotplug PME PCIeCapability]
[    0.901869] PCI host bridge to bus 0000:00
[    0.901871] pci_bus 0000:00: root bus resource [mem 0x000a0000-0x000bffff window]
[    0.901871] pci_bus 0000:00: root bus resource [mem 0x000d0000-0x000d3fff window]
[    0.901872] pci_bus 0000:00: root bus resource [mem 0x000d4000-0x000d7fff window]
[    0.901872] pci_bus 0000:00: root bus resource [mem 0x000d8000-0x000dbfff window]
[    0.901873] pci_bus 0000:00: root bus resource [mem 0xc0000000-0xfebfffff window]
[    0.901874] pci_bus 0000:00: root bus resource [io  0x0000-0x0cf7 window]
[    0.901874] pci_bus 0000:00: root bus resource [io  0x0d00-0xfeff window]
[    0.901875] pci_bus 0000:00: root bus resource [bus 00-7f]
[    0.901918] pci 0000:00:00.0: [8086:7190] type 00 class 0x060000
[    0.902639] pci 0000:00:01.0: [8086:7191] type 01 class 0x060400
[    0.903697] pci 0000:00:07.0: [8086:7110] type 00 class 0x060100
[    0.904412] pci 0000:00:07.1: [8086:7111] type 00 class 0x01018a
[    0.905700] pci 0000:00:07.1: reg 0x20: [io  0x1060-0x106f]
[    0.906175] pci 0000:00:07.1: legacy IDE quirk: reg 0x10: [io  0x01f0-0x01f7]
[    0.906176] pci 0000:00:07.1: legacy IDE quirk: reg 0x14: [io  0x03f6]
[    0.906177] pci 0000:00:07.1: legacy IDE quirk: reg 0x18: [io  0x0170-0x0177]
[    0.906177] pci 0000:00:07.1: legacy IDE quirk: reg 0x1c: [io  0x0376]
[    0.906419] pci 0000:00:07.3: [8086:7113] type 00 class 0x068000
[    0.907994] pci 0000:00:07.3: quirk: [io  0x1000-0x103f] claimed by PIIX4 ACPI
[    0.908004] pci 0000:00:07.3: quirk: [io  0x1040-0x104f] claimed by PIIX4 SMB
[    0.908342] pci 0000:00:07.7: [15ad:0740] type 00 class 0x088000
[    0.908912] pci 0000:00:07.7: reg 0x10: [io  0x1080-0x10bf]
[    0.909242] pci 0000:00:07.7: reg 0x14: [mem 0xfebfe000-0xfebfffff 64bit]
[    0.912177] pci 0000:00:0f.0: [15ad:0405] type 00 class 0x030000
[    0.913242] pci 0000:00:0f.0: reg 0x10: [io  0x1070-0x107f]
[    0.914374] pci 0000:00:0f.0: reg 0x14: [mem 0xe8000000-0xefffffff pref]
[    0.915553] pci 0000:00:0f.0: reg 0x18: [mem 0xfe000000-0xfe7fffff]
[    0.920273] pci 0000:00:0f.0: reg 0x30: [mem 0x00000000-0x00007fff pref]
[    0.921079] pci 0000:00:10.0: [1000:0030] type 00 class 0x010000
[    0.921629] pci 0000:00:10.0: reg 0x10: [io  0x1400-0x14ff]
[    0.922421] pci 0000:00:10.0: reg 0x14: [mem 0xfeba0000-0xfebbffff 64bit]
[    0.923275] pci 0000:00:10.0: reg 0x1c: [mem 0xfebc0000-0xfebdffff 64bit]
[    0.924771] pci 0000:00:10.0: reg 0x30: [mem 0x00000000-0x00003fff pref]
[    0.925631] pci 0000:00:11.0: [15ad:0790] type 01 class 0x060401
[    0.927132] pci 0000:00:15.0: [15ad:07a0] type 01 class 0x060400
[    0.928230] pci 0000:00:15.0: PME# supported from D0 D3hot D3cold
[    0.928749] pci 0000:00:15.1: [15ad:07a0] type 01 class 0x060400
[    0.929826] pci 0000:00:15.1: PME# supported from D0 D3hot D3cold
[    0.930406] pci 0000:00:15.2: [15ad:07a0] type 01 class 0x060400
[    0.931463] pci 0000:00:15.2: PME# supported from D0 D3hot D3cold
[    0.931981] pci 0000:00:15.3: [15ad:07a0] type 01 class 0x060400
[    0.933105] pci 0000:00:15.3: PME# supported from D0 D3hot D3cold
[    0.933640] pci 0000:00:15.4: [15ad:07a0] type 01 class 0x060400
[    0.934682] pci 0000:00:15.4: PME# supported from D0 D3hot D3cold
[    0.935208] pci 0000:00:15.5: [15ad:07a0] type 01 class 0x060400
[    0.936248] pci 0000:00:15.5: PME# supported from D0 D3hot D3cold
[    0.936758] pci 0000:00:15.6: [15ad:07a0] type 01 class 0x060400
[    0.937906] pci 0000:00:15.6: PME# supported from D0 D3hot D3cold
[    0.938576] pci 0000:00:15.7: [15ad:07a0] type 01 class 0x060400
[    0.939638] pci 0000:00:15.7: PME# supported from D0 D3hot D3cold
[    0.940286] pci 0000:00:16.0: [15ad:07a0] type 01 class 0x060400
[    0.941374] pci 0000:00:16.0: PME# supported from D0 D3hot D3cold
[    0.942006] pci 0000:00:16.1: [15ad:07a0] type 01 class 0x060400
[    0.943085] pci 0000:00:16.1: PME# supported from D0 D3hot D3cold
[    0.943615] pci 0000:00:16.2: [15ad:07a0] type 01 class 0x060400
[    0.944625] pci 0000:00:16.2: PME# supported from D0 D3hot D3cold
[    0.945215] pci 0000:00:16.3: [15ad:07a0] type 01 class 0x060400
[    0.946245] pci 0000:00:16.3: PME# supported from D0 D3hot D3cold
[    0.946795] pci 0000:00:16.4: [15ad:07a0] type 01 class 0x060400
[    0.947833] pci 0000:00:16.4: PME# supported from D0 D3hot D3cold
[    0.948366] pci 0000:00:16.5: [15ad:07a0] type 01 class 0x060400
[    0.949390] pci 0000:00:16.5: PME# supported from D0 D3hot D3cold
[    0.949809] pci 0000:00:16.6: [15ad:07a0] type 01 class 0x060400
[    0.950634] pci 0000:00:16.6: PME# supported from D0 D3hot D3cold
[    0.951132] pci 0000:00:16.7: [15ad:07a0] type 01 class 0x060400
[    0.951951] pci 0000:00:16.7: PME# supported from D0 D3hot D3cold
[    0.952411] pci 0000:00:17.0: [15ad:07a0] type 01 class 0x060400
[    0.953245] pci 0000:00:17.0: PME# supported from D0 D3hot D3cold
[    0.953619] pci 0000:00:17.1: [15ad:07a0] type 01 class 0x060400
[    0.954455] pci 0000:00:17.1: PME# supported from D0 D3hot D3cold
[    0.954838] pci 0000:00:17.2: [15ad:07a0] type 01 class 0x060400
[    0.955682] pci 0000:00:17.2: PME# supported from D0 D3hot D3cold
[    0.956131] pci 0000:00:17.3: [15ad:07a0] type 01 class 0x060400
[    0.956971] pci 0000:00:17.3: PME# supported from D0 D3hot D3cold
[    0.957364] pci 0000:00:17.4: [15ad:07a0] type 01 class 0x060400
[    0.958162] pci 0000:00:17.4: PME# supported from D0 D3hot D3cold
[    0.958580] pci 0000:00:17.5: [15ad:07a0] type 01 class 0x060400
[    0.959417] pci 0000:00:17.5: PME# supported from D0 D3hot D3cold
[    0.959842] pci 0000:00:17.6: [15ad:07a0] type 01 class 0x060400
[    0.960659] pci 0000:00:17.6: PME# supported from D0 D3hot D3cold
[    0.961145] pci 0000:00:17.7: [15ad:07a0] type 01 class 0x060400
[    0.961980] pci 0000:00:17.7: PME# supported from D0 D3hot D3cold
[    0.962538] pci 0000:00:18.0: [15ad:07a0] type 01 class 0x060400
[    0.963380] pci 0000:00:18.0: PME# supported from D0 D3hot D3cold
[    0.963843] pci 0000:00:18.1: [15ad:07a0] type 01 class 0x060400
[    0.964689] pci 0000:00:18.1: PME# supported from D0 D3hot D3cold
[    0.965094] pci 0000:00:18.2: [15ad:07a0] type 01 class 0x060400
[    0.965912] pci 0000:00:18.2: PME# supported from D0 D3hot D3cold
[    0.966288] pci 0000:00:18.3: [15ad:07a0] type 01 class 0x060400
[    0.967113] pci 0000:00:18.3: PME# supported from D0 D3hot D3cold
[    0.967493] pci 0000:00:18.4: [15ad:07a0] type 01 class 0x060400
[    0.968311] pci 0000:00:18.4: PME# supported from D0 D3hot D3cold
[    0.968684] pci 0000:00:18.5: [15ad:07a0] type 01 class 0x060400
[    0.969536] pci 0000:00:18.5: PME# supported from D0 D3hot D3cold
[    0.969910] pci 0000:00:18.6: [15ad:07a0] type 01 class 0x060400
[    0.970728] pci 0000:00:18.6: PME# supported from D0 D3hot D3cold
[    0.971248] pci 0000:00:18.7: [15ad:07a0] type 01 class 0x060400
[    0.972046] pci 0000:00:18.7: PME# supported from D0 D3hot D3cold
[    0.973223] pci_bus 0000:01: extended config space not accessible
[    0.976083] pci 0000:00:01.0: PCI bridge to [bus 01]
[    0.976265] pci_bus 0000:02: extended config space not accessible
[    0.976559] acpiphp: Slot [32] registered
[    0.976578] acpiphp: Slot [33] registered
[    0.976594] acpiphp: Slot [34] registered
[    0.976611] acpiphp: Slot [35] registered
[    0.976627] acpiphp: Slot [36] registered
[    0.976644] acpiphp: Slot [37] registered
[    0.976660] acpiphp: Slot [38] registered
[    0.976675] acpiphp: Slot [39] registered
[    0.976691] acpiphp: Slot [40] registered
[    0.976707] acpiphp: Slot [41] registered
[    0.976723] acpiphp: Slot [42] registered
[    0.976760] acpiphp: Slot [43] registered
[    0.976777] acpiphp: Slot [44] registered
[    0.976792] acpiphp: Slot [45] registered
[    0.976820] acpiphp: Slot [46] registered
[    0.976837] acpiphp: Slot [47] registered
[    0.976869] acpiphp: Slot [48] registered
[    0.976895] acpiphp: Slot [49] registered
[    0.976911] acpiphp: Slot [50] registered
[    0.976927] acpiphp: Slot [51] registered
[    0.976943] acpiphp: Slot [52] registered
[    0.976972] acpiphp: Slot [53] registered
[    0.976988] acpiphp: Slot [54] registered
[    0.977026] acpiphp: Slot [55] registered
[    0.977042] acpiphp: Slot [56] registered
[    0.977058] acpiphp: Slot [57] registered
[    0.977075] acpiphp: Slot [58] registered
[    0.977091] acpiphp: Slot [59] registered
[    0.977107] acpiphp: Slot [60] registered
[    0.977123] acpiphp: Slot [61] registered
[    0.977139] acpiphp: Slot [62] registered
[    0.977156] acpiphp: Slot [63] registered
[    0.977217] pci 0000:02:00.0: [15ad:0774] type 00 class 0x0c0300
[    0.978589] pci 0000:02:00.0: reg 0x20: [io  0x2080-0x209f]
[    0.979696] pci 0000:02:01.0: [8086:100f] type 00 class 0x020000
[    0.980448] pci 0000:02:01.0: reg 0x10: [mem 0xfd5c0000-0xfd5dffff 64bit]
[    0.981126] pci 0000:02:01.0: reg 0x18: [mem 0xfdff0000-0xfdffffff 64bit]
[    0.981575] pci 0000:02:01.0: reg 0x20: [io  0x2000-0x203f]
[    0.982879] pci 0000:02:01.0: reg 0x30: [mem 0x00000000-0x0000ffff pref]
[    0.983136] pci 0000:02:01.0: PME# supported from D0 D3hot D3cold
[    0.983521] pci 0000:02:02.0: [1274:1371] type 00 class 0x040100
[    0.983828] pci 0000:02:02.0: reg 0x10: [io  0x2040-0x207f]
[    0.985982] pci 0000:02:04.0: [15ad:07e0] type 00 class 0x010601
[    0.987718] pci 0000:02:04.0: reg 0x24: [mem 0xfd5ef000-0xfd5effff]
[    0.987991] pci 0000:02:04.0: reg 0x30: [mem 0x00000000-0x0000ffff pref]
[    0.988331] pci 0000:02:04.0: PME# supported from D3hot
[    0.991352] pci 0000:00:11.0: PCI bridge to [bus 02] (subtractive decode)
[    0.991371] pci 0000:00:11.0:   bridge window [io  0x2000-0x3fff]
[    0.991388] pci 0000:00:11.0:   bridge window [mem 0xfd500000-0xfdffffff]
[    0.991422] pci 0000:00:11.0:   bridge window [mem 0xe7b00000-0xe7ffffff 64bit pref]
[    0.991424] pci 0000:00:11.0:   bridge window [mem 0x000a0000-0x000bffff window] (subtractive decode)
[    0.991424] pci 0000:00:11.0:   bridge window [mem 0x000d0000-0x000d3fff window] (subtractive decode)
[    0.991425] pci 0000:00:11.0:   bridge window [mem 0x000d4000-0x000d7fff window] (subtractive decode)
[    0.991425] pci 0000:00:11.0:   bridge window [mem 0x000d8000-0x000dbfff window] (subtractive decode)
[    0.991426] pci 0000:00:11.0:   bridge window [mem 0xc0000000-0xfebfffff window] (subtractive decode)
[    0.991427] pci 0000:00:11.0:   bridge window [io  0x0000-0x0cf7 window] (subtractive decode)
[    0.991427] pci 0000:00:11.0:   bridge window [io  0x0d00-0xfeff window] (subtractive decode)
[    0.994523] pci 0000:00:15.0: PCI bridge to [bus 03]
[    0.994540] pci 0000:00:15.0:   bridge window [io  0x4000-0x4fff]
[    0.994557] pci 0000:00:15.0:   bridge window [mem 0xfd400000-0xfd4fffff]
[    0.994590] pci 0000:00:15.0:   bridge window [mem 0xe7a00000-0xe7afffff 64bit pref]
[    0.997713] pci 0000:00:15.1: PCI bridge to [bus 04]
[    0.997731] pci 0000:00:15.1:   bridge window [io  0x8000-0x8fff]
[    0.997748] pci 0000:00:15.1:   bridge window [mem 0xfd000000-0xfd0fffff]
[    0.997781] pci 0000:00:15.1:   bridge window [mem 0xe7600000-0xe76fffff 64bit pref]
[    1.000927] pci 0000:00:15.2: PCI bridge to [bus 05]
[    1.000945] pci 0000:00:15.2:   bridge window [io  0xc000-0xcfff]
[    1.000962] pci 0000:00:15.2:   bridge window [mem 0xfcc00000-0xfccfffff]
[    1.000996] pci 0000:00:15.2:   bridge window [mem 0xe7200000-0xe72fffff 64bit pref]
[    1.004127] pci 0000:00:15.3: PCI bridge to [bus 06]
[    1.004181] pci 0000:00:15.3:   bridge window [mem 0xfc800000-0xfc8fffff]
[    1.004214] pci 0000:00:15.3:   bridge window [mem 0xe6e00000-0xe6efffff 64bit pref]
[    1.007317] pci 0000:00:15.4: PCI bridge to [bus 07]
[    1.007351] pci 0000:00:15.4:   bridge window [mem 0xfc400000-0xfc4fffff]
[    1.007384] pci 0000:00:15.4:   bridge window [mem 0xe6a00000-0xe6afffff 64bit pref]
[    1.010506] pci 0000:00:15.5: PCI bridge to [bus 08]
[    1.010540] pci 0000:00:15.5:   bridge window [mem 0xfc000000-0xfc0fffff]
[    1.010573] pci 0000:00:15.5:   bridge window [mem 0xe6600000-0xe66fffff 64bit pref]
[    1.013766] pci 0000:00:15.6: PCI bridge to [bus 09]
[    1.013800] pci 0000:00:15.6:   bridge window [mem 0xfbc00000-0xfbcfffff]
[    1.013833] pci 0000:00:15.6:   bridge window [mem 0xe6200000-0xe62fffff 64bit pref]
[    1.017022] pci 0000:00:15.7: PCI bridge to [bus 0a]
[    1.017056] pci 0000:00:15.7:   bridge window [mem 0xfb800000-0xfb8fffff]
[    1.017090] pci 0000:00:15.7:   bridge window [mem 0xe5e00000-0xe5efffff 64bit pref]
[    1.020168] pci 0000:00:16.0: PCI bridge to [bus 0b]
[    1.020186] pci 0000:00:16.0:   bridge window [io  0x5000-0x5fff]
[    1.020203] pci 0000:00:16.0:   bridge window [mem 0xfd300000-0xfd3fffff]
[    1.020236] pci 0000:00:16.0:   bridge window [mem 0xe7900000-0xe79fffff 64bit pref]
[    1.023317] pci 0000:00:16.1: PCI bridge to [bus 0c]
[    1.023335] pci 0000:00:16.1:   bridge window [io  0x9000-0x9fff]
[    1.023352] pci 0000:00:16.1:   bridge window [mem 0xfcf00000-0xfcffffff]
[    1.023385] pci 0000:00:16.1:   bridge window [mem 0xe7500000-0xe75fffff 64bit pref]
[    1.026544] pci 0000:00:16.2: PCI bridge to [bus 0d]
[    1.026562] pci 0000:00:16.2:   bridge window [io  0xd000-0xdfff]
[    1.026579] pci 0000:00:16.2:   bridge window [mem 0xfcb00000-0xfcbfffff]
[    1.026612] pci 0000:00:16.2:   bridge window [mem 0xe7100000-0xe71fffff 64bit pref]
[    1.029745] pci 0000:00:16.3: PCI bridge to [bus 0e]
[    1.029779] pci 0000:00:16.3:   bridge window [mem 0xfc700000-0xfc7fffff]
[    1.029812] pci 0000:00:16.3:   bridge window [mem 0xe6d00000-0xe6dfffff 64bit pref]
[    1.032906] pci 0000:00:16.4: PCI bridge to [bus 0f]
[    1.032940] pci 0000:00:16.4:   bridge window [mem 0xfc300000-0xfc3fffff]
[    1.032974] pci 0000:00:16.4:   bridge window [mem 0xe6900000-0xe69fffff 64bit pref]
[    1.036082] pci 0000:00:16.5: PCI bridge to [bus 10]
[    1.036117] pci 0000:00:16.5:   bridge window [mem 0xfbf00000-0xfbffffff]
[    1.036149] pci 0000:00:16.5:   bridge window [mem 0xe6500000-0xe65fffff 64bit pref]
[    1.039232] pci 0000:00:16.6: PCI bridge to [bus 11]
[    1.039265] pci 0000:00:16.6:   bridge window [mem 0xfbb00000-0xfbbfffff]
[    1.039298] pci 0000:00:16.6:   bridge window [mem 0xe6100000-0xe61fffff 64bit pref]
[    1.042460] pci 0000:00:16.7: PCI bridge to [bus 12]
[    1.042494] pci 0000:00:16.7:   bridge window [mem 0xfb700000-0xfb7fffff]
[    1.042527] pci 0000:00:16.7:   bridge window [mem 0xe5d00000-0xe5dfffff 64bit pref]
[    1.045729] pci 0000:00:17.0: PCI bridge to [bus 13]
[    1.045747] pci 0000:00:17.0:   bridge window [io  0x6000-0x6fff]
[    1.045765] pci 0000:00:17.0:   bridge window [mem 0xfd200000-0xfd2fffff]
[    1.045798] pci 0000:00:17.0:   bridge window [mem 0xe7800000-0xe78fffff 64bit pref]
[    1.048934] pci 0000:00:17.1: PCI bridge to [bus 14]
[    1.048952] pci 0000:00:17.1:   bridge window [io  0xa000-0xafff]
[    1.048970] pci 0000:00:17.1:   bridge window [mem 0xfce00000-0xfcefffff]
[    1.049003] pci 0000:00:17.1:   bridge window [mem 0xe7400000-0xe74fffff 64bit pref]
[    1.052106] pci 0000:00:17.2: PCI bridge to [bus 15]
[    1.052123] pci 0000:00:17.2:   bridge window [io  0xe000-0xefff]
[    1.052140] pci 0000:00:17.2:   bridge window [mem 0xfca00000-0xfcafffff]
[    1.052183] pci 0000:00:17.2:   bridge window [mem 0xe7000000-0xe70fffff 64bit pref]
[    1.055388] pci 0000:00:17.3: PCI bridge to [bus 16]
[    1.055425] pci 0000:00:17.3:   bridge window [mem 0xfc600000-0xfc6fffff]
[    1.055458] pci 0000:00:17.3:   bridge window [mem 0xe6c00000-0xe6cfffff 64bit pref]
[    1.058609] pci 0000:00:17.4: PCI bridge to [bus 17]
[    1.058643] pci 0000:00:17.4:   bridge window [mem 0xfc200000-0xfc2fffff]
[    1.058676] pci 0000:00:17.4:   bridge window [mem 0xe6800000-0xe68fffff 64bit pref]
[    1.061795] pci 0000:00:17.5: PCI bridge to [bus 18]
[    1.061829] pci 0000:00:17.5:   bridge window [mem 0xfbe00000-0xfbefffff]
[    1.061862] pci 0000:00:17.5:   bridge window [mem 0xe6400000-0xe64fffff 64bit pref]
[    1.064931] pci 0000:00:17.6: PCI bridge to [bus 19]
[    1.064966] pci 0000:00:17.6:   bridge window [mem 0xfba00000-0xfbafffff]
[    1.064999] pci 0000:00:17.6:   bridge window [mem 0xe6000000-0xe60fffff 64bit pref]
[    1.068029] pci 0000:00:17.7: PCI bridge to [bus 1a]
[    1.068062] pci 0000:00:17.7:   bridge window [mem 0xfb600000-0xfb6fffff]
[    1.068095] pci 0000:00:17.7:   bridge window [mem 0xe5c00000-0xe5cfffff 64bit pref]
[    1.071150] pci 0000:00:18.0: PCI bridge to [bus 1b]
[    1.071169] pci 0000:00:18.0:   bridge window [io  0x7000-0x7fff]
[    1.071186] pci 0000:00:18.0:   bridge window [mem 0xfd100000-0xfd1fffff]
[    1.071219] pci 0000:00:18.0:   bridge window [mem 0xe7700000-0xe77fffff 64bit pref]
[    1.074259] pci 0000:00:18.1: PCI bridge to [bus 1c]
[    1.074277] pci 0000:00:18.1:   bridge window [io  0xb000-0xbfff]
[    1.074294] pci 0000:00:18.1:   bridge window [mem 0xfcd00000-0xfcdfffff]
[    1.074327] pci 0000:00:18.1:   bridge window [mem 0xe7300000-0xe73fffff 64bit pref]
[    1.077467] pci 0000:00:18.2: PCI bridge to [bus 1d]
[    1.077502] pci 0000:00:18.2:   bridge window [mem 0xfc900000-0xfc9fffff]
[    1.077535] pci 0000:00:18.2:   bridge window [mem 0xe6f00000-0xe6ffffff 64bit pref]
[    1.080567] pci 0000:00:18.3: PCI bridge to [bus 1e]
[    1.080601] pci 0000:00:18.3:   bridge window [mem 0xfc500000-0xfc5fffff]
[    1.080635] pci 0000:00:18.3:   bridge window [mem 0xe6b00000-0xe6bfffff 64bit pref]
[    1.083702] pci 0000:00:18.4: PCI bridge to [bus 1f]
[    1.083736] pci 0000:00:18.4:   bridge window [mem 0xfc100000-0xfc1fffff]
[    1.083769] pci 0000:00:18.4:   bridge window [mem 0xe6700000-0xe67fffff 64bit pref]
[    1.086822] pci 0000:00:18.5: PCI bridge to [bus 20]
[    1.086858] pci 0000:00:18.5:   bridge window [mem 0xfbd00000-0xfbdfffff]
[    1.086891] pci 0000:00:18.5:   bridge window [mem 0xe6300000-0xe63fffff 64bit pref]
[    1.089942] pci 0000:00:18.6: PCI bridge to [bus 21]
[    1.089976] pci 0000:00:18.6:   bridge window [mem 0xfb900000-0xfb9fffff]
[    1.090012] pci 0000:00:18.6:   bridge window [mem 0xe5f00000-0xe5ffffff 64bit pref]
[    1.093091] pci 0000:00:18.7: PCI bridge to [bus 22]
[    1.093125] pci 0000:00:18.7:   bridge window [mem 0xfb500000-0xfb5fffff]
[    1.093160] pci 0000:00:18.7:   bridge window [mem 0xe5b00000-0xe5bfffff 64bit pref]
[    1.095151] ACPI: PCI Interrupt Link [LNKA] (IRQs 3 4 5 6 7 *9 10 11 14 15)
[    1.095227] ACPI: PCI Interrupt Link [LNKB] (IRQs 3 4 5 6 7 9 10 *11 14 15)
[    1.095308] ACPI: PCI Interrupt Link [LNKC] (IRQs 3 4 5 6 7 9 *10 11 14 15)
[    1.095382] ACPI: PCI Interrupt Link [LNKD] (IRQs 3 4 5 6 *7 9 10 11 14 15)
[    1.133305] iommu: Default domain type: Translated 
[    1.133753] SCSI subsystem initialized
[    1.133855] libata version 3.00 loaded.
[    1.133855] pci 0000:00:0f.0: vgaarb: setting as boot VGA device
[    1.133855] pci 0000:00:0f.0: vgaarb: VGA device added: decodes=io+mem,owns=io+mem,locks=none
[    1.133855] pci 0000:00:0f.0: vgaarb: bridge control possible
[    1.133855] vgaarb: loaded
[    1.133855] ACPI: bus type USB registered
[    1.133855] usbcore: registered new interface driver usbfs
[    1.133855] usbcore: registered new interface driver hub
[    1.133855] usbcore: registered new device driver usb
[    1.133855] pps_core: LinuxPPS API ver. 1 registered
[    1.133855] pps_core: Software ver. 5.3.6 - Copyright 2005-2007 Rodolfo Giometti <giometti@linux.it>
[    1.133855] PTP clock support registered
[    1.133855] EDAC MC: Ver: 3.0.0
[    1.137323] PCI: Using ACPI for IRQ routing
[    1.147335] PCI: pci_cache_line_size set to 64 bytes
[    1.148093] e820: reserve RAM buffer [mem 0x0009e800-0x0009ffff]
[    1.148094] e820: reserve RAM buffer [mem 0xbfed0000-0xbfffffff]
[    1.149240] NetLabel: Initializing
[    1.149240] NetLabel:  domain hash size = 128
[    1.149240] NetLabel:  protocols = UNLABELED CIPSOv4 CALIPSO
[    1.149240] NetLabel:  unlabeled traffic allowed by default
[    1.149793] hpet0: at MMIO 0xfed00000, IRQs 2, 8, 0, 0, 0, 0, 0, 0, 0, 0, 0, 0, 0, 0, 0, 0
[    1.149797] hpet0: 16 comparators, 64-bit 14.318180 MHz counter
[    1.154327] clocksource: Switched to clocksource tsc-early
[    1.187059] *** VALIDATE bpf ***
[    1.187355] VFS: Disk quotas dquot_6.6.0
[    1.187508] VFS: Dquot-cache hash table entries: 512 (order 0, 4096 bytes)
[    1.187532] *** VALIDATE ramfs ***
[    1.187539] *** VALIDATE hugetlbfs ***
[    1.187935] AppArmor: AppArmor Filesystem Enabled
[    1.187958] pnp: PnP ACPI init
[    1.188183] system 00:00: [io  0x1000-0x103f] has been reserved
[    1.188185] system 00:00: [io  0x1040-0x104f] has been reserved
[    1.188186] system 00:00: [io  0x0cf0-0x0cf1] has been reserved
[    1.188190] system 00:00: Plug and Play ACPI device, IDs PNP0c02 (active)
[    1.188211] pnp 00:01: Plug and Play ACPI device, IDs PNP0b00 (active)
[    1.188224] pnp 00:02: Plug and Play ACPI device, IDs PNP0303 (active)
[    1.188282] pnp 00:03: Plug and Play ACPI device, IDs VMW0003 PNP0f13 (active)
[    1.188468] system 00:04: [mem 0xfed00000-0xfed003ff] has been reserved
[    1.188471] system 00:04: Plug and Play ACPI device, IDs PNP0103 PNP0c01 (active)
[    1.190005] pnp 00:05: Plug and Play ACPI device, IDs PNP0501 (active)
[    1.190432] system 00:06: [io  0xfce0-0xfcff] has been reserved
[    1.190434] system 00:06: [mem 0xf0000000-0xf7ffffff] has been reserved
[    1.190435] system 00:06: [mem 0xfe800000-0xfe9fffff] has been reserved
[    1.190438] system 00:06: Plug and Play ACPI device, IDs PNP0c02 (active)
[    1.221055] pnp: PnP ACPI: found 7 devices
[    1.226065] thermal_sys: Registered thermal governor 'fair_share'
[    1.226066] thermal_sys: Registered thermal governor 'bang_bang'
[    1.226066] thermal_sys: Registered thermal governor 'step_wise'
[    1.226067] thermal_sys: Registered thermal governor 'user_space'
[    1.226067] thermal_sys: Registered thermal governor 'power_allocator'
[    1.230576] clocksource: acpi_pm: mask: 0xffffff max_cycles: 0xffffff, max_idle_ns: 2085701024 ns
[    1.230620] pci 0000:00:15.3: bridge window [io  0x1000-0x0fff] to [bus 06] add_size 1000
[    1.230621] pci 0000:00:15.4: bridge window [io  0x1000-0x0fff] to [bus 07] add_size 1000
[    1.230622] pci 0000:00:15.5: bridge window [io  0x1000-0x0fff] to [bus 08] add_size 1000
[    1.230623] pci 0000:00:15.6: bridge window [io  0x1000-0x0fff] to [bus 09] add_size 1000
[    1.230624] pci 0000:00:15.7: bridge window [io  0x1000-0x0fff] to [bus 0a] add_size 1000
[    1.230625] pci 0000:00:16.3: bridge window [io  0x1000-0x0fff] to [bus 0e] add_size 1000
[    1.230626] pci 0000:00:16.4: bridge window [io  0x1000-0x0fff] to [bus 0f] add_size 1000
[    1.230627] pci 0000:00:16.5: bridge window [io  0x1000-0x0fff] to [bus 10] add_size 1000
[    1.230628] pci 0000:00:16.6: bridge window [io  0x1000-0x0fff] to [bus 11] add_size 1000
[    1.230629] pci 0000:00:16.7: bridge window [io  0x1000-0x0fff] to [bus 12] add_size 1000
[    1.230630] pci 0000:00:17.3: bridge window [io  0x1000-0x0fff] to [bus 16] add_size 1000
[    1.230631] pci 0000:00:17.4: bridge window [io  0x1000-0x0fff] to [bus 17] add_size 1000
[    1.230632] pci 0000:00:17.5: bridge window [io  0x1000-0x0fff] to [bus 18] add_size 1000
[    1.230633] pci 0000:00:17.6: bridge window [io  0x1000-0x0fff] to [bus 19] add_size 1000
[    1.230634] pci 0000:00:17.7: bridge window [io  0x1000-0x0fff] to [bus 1a] add_size 1000
[    1.230635] pci 0000:00:18.2: bridge window [io  0x1000-0x0fff] to [bus 1d] add_size 1000
[    1.230636] pci 0000:00:18.3: bridge window [io  0x1000-0x0fff] to [bus 1e] add_size 1000
[    1.230637] pci 0000:00:18.4: bridge window [io  0x1000-0x0fff] to [bus 1f] add_size 1000
[    1.230638] pci 0000:00:18.5: bridge window [io  0x1000-0x0fff] to [bus 20] add_size 1000
[    1.230639] pci 0000:00:18.6: bridge window [io  0x1000-0x0fff] to [bus 21] add_size 1000
[    1.230656] pci 0000:00:18.7: bridge window [io  0x1000-0x0fff] to [bus 22] add_size 1000
[    1.230679] pci 0000:00:0f.0: BAR 6: assigned [mem 0xc0000000-0xc0007fff pref]
[    1.230681] pci 0000:00:10.0: BAR 6: assigned [mem 0xc0008000-0xc000bfff pref]
[    1.230683] pci 0000:00:15.3: BAR 13: no space for [io  size 0x1000]
[    1.230684] pci 0000:00:15.3: BAR 13: failed to assign [io  size 0x1000]
[    1.230686] pci 0000:00:15.4: BAR 13: no space for [io  size 0x1000]
[    1.230686] pci 0000:00:15.4: BAR 13: failed to assign [io  size 0x1000]
[    1.230687] pci 0000:00:15.5: BAR 13: no space for [io  size 0x1000]
[    1.230688] pci 0000:00:15.5: BAR 13: failed to assign [io  size 0x1000]
[    1.230689] pci 0000:00:15.6: BAR 13: no space for [io  size 0x1000]
[    1.230690] pci 0000:00:15.6: BAR 13: failed to assign [io  size 0x1000]
[    1.230691] pci 0000:00:15.7: BAR 13: no space for [io  size 0x1000]
[    1.230691] pci 0000:00:15.7: BAR 13: failed to assign [io  size 0x1000]
[    1.230692] pci 0000:00:16.3: BAR 13: no space for [io  size 0x1000]
[    1.230693] pci 0000:00:16.3: BAR 13: failed to assign [io  size 0x1000]
[    1.230694] pci 0000:00:16.4: BAR 13: no space for [io  size 0x1000]
[    1.230694] pci 0000:00:16.4: BAR 13: failed to assign [io  size 0x1000]
[    1.230696] pci 0000:00:16.5: BAR 13: no space for [io  size 0x1000]
[    1.230696] pci 0000:00:16.5: BAR 13: failed to assign [io  size 0x1000]
[    1.230697] pci 0000:00:16.6: BAR 13: no space for [io  size 0x1000]
[    1.230698] pci 0000:00:16.6: BAR 13: failed to assign [io  size 0x1000]
[    1.230699] pci 0000:00:16.7: BAR 13: no space for [io  size 0x1000]
[    1.230699] pci 0000:00:16.7: BAR 13: failed to assign [io  size 0x1000]
[    1.230700] pci 0000:00:17.3: BAR 13: no space for [io  size 0x1000]
[    1.230701] pci 0000:00:17.3: BAR 13: failed to assign [io  size 0x1000]
[    1.230702] pci 0000:00:17.4: BAR 13: no space for [io  size 0x1000]
[    1.230703] pci 0000:00:17.4: BAR 13: failed to assign [io  size 0x1000]
[    1.230704] pci 0000:00:17.5: BAR 13: no space for [io  size 0x1000]
[    1.230704] pci 0000:00:17.5: BAR 13: failed to assign [io  size 0x1000]
[    1.230705] pci 0000:00:17.6: BAR 13: no space for [io  size 0x1000]
[    1.230706] pci 0000:00:17.6: BAR 13: failed to assign [io  size 0x1000]
[    1.230707] pci 0000:00:17.7: BAR 13: no space for [io  size 0x1000]
[    1.230707] pci 0000:00:17.7: BAR 13: failed to assign [io  size 0x1000]
[    1.230708] pci 0000:00:18.2: BAR 13: no space for [io  size 0x1000]
[    1.230709] pci 0000:00:18.2: BAR 13: failed to assign [io  size 0x1000]
[    1.230710] pci 0000:00:18.3: BAR 13: no space for [io  size 0x1000]
[    1.230711] pci 0000:00:18.3: BAR 13: failed to assign [io  size 0x1000]
[    1.230712] pci 0000:00:18.4: BAR 13: no space for [io  size 0x1000]
[    1.230712] pci 0000:00:18.4: BAR 13: failed to assign [io  size 0x1000]
[    1.230713] pci 0000:00:18.5: BAR 13: no space for [io  size 0x1000]
[    1.230714] pci 0000:00:18.5: BAR 13: failed to assign [io  size 0x1000]
[    1.230715] pci 0000:00:18.6: BAR 13: no space for [io  size 0x1000]
[    1.230715] pci 0000:00:18.6: BAR 13: failed to assign [io  size 0x1000]
[    1.230717] pci 0000:00:18.7: BAR 13: no space for [io  size 0x1000]
[    1.230717] pci 0000:00:18.7: BAR 13: failed to assign [io  size 0x1000]
[    1.230720] pci 0000:00:18.7: BAR 13: no space for [io  size 0x1000]
[    1.230721] pci 0000:00:18.7: BAR 13: failed to assign [io  size 0x1000]
[    1.230722] pci 0000:00:18.6: BAR 13: no space for [io  size 0x1000]
[    1.230722] pci 0000:00:18.6: BAR 13: failed to assign [io  size 0x1000]
[    1.230723] pci 0000:00:18.5: BAR 13: no space for [io  size 0x1000]
[    1.230724] pci 0000:00:18.5: BAR 13: failed to assign [io  size 0x1000]
[    1.230725] pci 0000:00:18.4: BAR 13: no space for [io  size 0x1000]
[    1.230726] pci 0000:00:18.4: BAR 13: failed to assign [io  size 0x1000]
[    1.230727] pci 0000:00:18.3: BAR 13: no space for [io  size 0x1000]
[    1.230727] pci 0000:00:18.3: BAR 13: failed to assign [io  size 0x1000]
[    1.230728] pci 0000:00:18.2: BAR 13: no space for [io  size 0x1000]
[    1.230729] pci 0000:00:18.2: BAR 13: failed to assign [io  size 0x1000]
[    1.230730] pci 0000:00:17.7: BAR 13: no space for [io  size 0x1000]
[    1.230730] pci 0000:00:17.7: BAR 13: failed to assign [io  size 0x1000]
[    1.230732] pci 0000:00:17.6: BAR 13: no space for [io  size 0x1000]
[    1.230732] pci 0000:00:17.6: BAR 13: failed to assign [io  size 0x1000]
[    1.230733] pci 0000:00:17.5: BAR 13: no space for [io  size 0x1000]
[    1.230734] pci 0000:00:17.5: BAR 13: failed to assign [io  size 0x1000]
[    1.230735] pci 0000:00:17.4: BAR 13: no space for [io  size 0x1000]
[    1.230735] pci 0000:00:17.4: BAR 13: failed to assign [io  size 0x1000]
[    1.230736] pci 0000:00:17.3: BAR 13: no space for [io  size 0x1000]
[    1.230737] pci 0000:00:17.3: BAR 13: failed to assign [io  size 0x1000]
[    1.230738] pci 0000:00:16.7: BAR 13: no space for [io  size 0x1000]
[    1.230738] pci 0000:00:16.7: BAR 13: failed to assign [io  size 0x1000]
[    1.230740] pci 0000:00:16.6: BAR 13: no space for [io  size 0x1000]
[    1.230740] pci 0000:00:16.6: BAR 13: failed to assign [io  size 0x1000]
[    1.230741] pci 0000:00:16.5: BAR 13: no space for [io  size 0x1000]
[    1.230742] pci 0000:00:16.5: BAR 13: failed to assign [io  size 0x1000]
[    1.230743] pci 0000:00:16.4: BAR 13: no space for [io  size 0x1000]
[    1.230743] pci 0000:00:16.4: BAR 13: failed to assign [io  size 0x1000]
[    1.230744] pci 0000:00:16.3: BAR 13: no space for [io  size 0x1000]
[    1.230745] pci 0000:00:16.3: BAR 13: failed to assign [io  size 0x1000]
[    1.230746] pci 0000:00:15.7: BAR 13: no space for [io  size 0x1000]
[    1.230746] pci 0000:00:15.7: BAR 13: failed to assign [io  size 0x1000]
[    1.230747] pci 0000:00:15.6: BAR 13: no space for [io  size 0x1000]
[    1.230748] pci 0000:00:15.6: BAR 13: failed to assign [io  size 0x1000]
[    1.230749] pci 0000:00:15.5: BAR 13: no space for [io  size 0x1000]
[    1.230750] pci 0000:00:15.5: BAR 13: failed to assign [io  size 0x1000]
[    1.230751] pci 0000:00:15.4: BAR 13: no space for [io  size 0x1000]
[    1.230751] pci 0000:00:15.4: BAR 13: failed to assign [io  size 0x1000]
[    1.230752] pci 0000:00:15.3: BAR 13: no space for [io  size 0x1000]
[    1.230753] pci 0000:00:15.3: BAR 13: failed to assign [io  size 0x1000]
[    1.230754] pci 0000:00:01.0: PCI bridge to [bus 01]
[    1.230835] pci 0000:02:01.0: BAR 6: assigned [mem 0xfd500000-0xfd50ffff pref]
[    1.230836] pci 0000:02:04.0: BAR 6: assigned [mem 0xfd510000-0xfd51ffff pref]
[    1.230837] pci 0000:00:11.0: PCI bridge to [bus 02]
[    1.230847] pci 0000:00:11.0:   bridge window [io  0x2000-0x3fff]
[    1.230873] pci 0000:00:11.0:   bridge window [mem 0xfd500000-0xfdffffff]
[    1.230890] pci 0000:00:11.0:   bridge window [mem 0xe7b00000-0xe7ffffff 64bit pref]
[    1.230924] pci 0000:00:15.0: PCI bridge to [bus 03]
[    1.230934] pci 0000:00:15.0:   bridge window [io  0x4000-0x4fff]
[    1.230959] pci 0000:00:15.0:   bridge window [mem 0xfd400000-0xfd4fffff]
[    1.230976] pci 0000:00:15.0:   bridge window [mem 0xe7a00000-0xe7afffff 64bit pref]
[    1.231032] pci 0000:00:15.1: PCI bridge to [bus 04]
[    1.231042] pci 0000:00:15.1:   bridge window [io  0x8000-0x8fff]
[    1.231068] pci 0000:00:15.1:   bridge window [mem 0xfd000000-0xfd0fffff]
[    1.231085] pci 0000:00:15.1:   bridge window [mem 0xe7600000-0xe76fffff 64bit pref]
[    1.231125] pci 0000:00:15.2: PCI bridge to [bus 05]
[    1.231134] pci 0000:00:15.2:   bridge window [io  0xc000-0xcfff]
[    1.231160] pci 0000:00:15.2:   bridge window [mem 0xfcc00000-0xfccfffff]
[    1.231177] pci 0000:00:15.2:   bridge window [mem 0xe7200000-0xe72fffff 64bit pref]
[    1.231223] pci 0000:00:15.3: PCI bridge to [bus 06]
[    1.231249] pci 0000:00:15.3:   bridge window [mem 0xfc800000-0xfc8fffff]
[    1.231266] pci 0000:00:15.3:   bridge window [mem 0xe6e00000-0xe6efffff 64bit pref]
[    1.231305] pci 0000:00:15.4: PCI bridge to [bus 07]
[    1.231330] pci 0000:00:15.4:   bridge window [mem 0xfc400000-0xfc4fffff]
[    1.231347] pci 0000:00:15.4:   bridge window [mem 0xe6a00000-0xe6afffff 64bit pref]
[    1.231385] pci 0000:00:15.5: PCI bridge to [bus 08]
[    1.231411] pci 0000:00:15.5:   bridge window [mem 0xfc000000-0xfc0fffff]
[    1.231428] pci 0000:00:15.5:   bridge window [mem 0xe6600000-0xe66fffff 64bit pref]
[    1.231466] pci 0000:00:15.6: PCI bridge to [bus 09]
[    1.231492] pci 0000:00:15.6:   bridge window [mem 0xfbc00000-0xfbcfffff]
[    1.231509] pci 0000:00:15.6:   bridge window [mem 0xe6200000-0xe62fffff 64bit pref]
[    1.231551] pci 0000:00:15.7: PCI bridge to [bus 0a]
[    1.231577] pci 0000:00:15.7:   bridge window [mem 0xfb800000-0xfb8fffff]
[    1.231594] pci 0000:00:15.7:   bridge window [mem 0xe5e00000-0xe5efffff 64bit pref]
[    1.231632] pci 0000:00:16.0: PCI bridge to [bus 0b]
[    1.231642] pci 0000:00:16.0:   bridge window [io  0x5000-0x5fff]
[    1.231667] pci 0000:00:16.0:   bridge window [mem 0xfd300000-0xfd3fffff]
[    1.231684] pci 0000:00:16.0:   bridge window [mem 0xe7900000-0xe79fffff 64bit pref]
[    1.231722] pci 0000:00:16.1: PCI bridge to [bus 0c]
[    1.231732] pci 0000:00:16.1:   bridge window [io  0x9000-0x9fff]
[    1.231757] pci 0000:00:16.1:   bridge window [mem 0xfcf00000-0xfcffffff]
[    1.231774] pci 0000:00:16.1:   bridge window [mem 0xe7500000-0xe75fffff 64bit pref]
[    1.231812] pci 0000:00:16.2: PCI bridge to [bus 0d]
[    1.231822] pci 0000:00:16.2:   bridge window [io  0xd000-0xdfff]
[    1.231847] pci 0000:00:16.2:   bridge window [mem 0xfcb00000-0xfcbfffff]
[    1.231864] pci 0000:00:16.2:   bridge window [mem 0xe7100000-0xe71fffff 64bit pref]
[    1.231902] pci 0000:00:16.3: PCI bridge to [bus 0e]
[    1.231928] pci 0000:00:16.3:   bridge window [mem 0xfc700000-0xfc7fffff]
[    1.231945] pci 0000:00:16.3:   bridge window [mem 0xe6d00000-0xe6dfffff 64bit pref]
[    1.231982] pci 0000:00:16.4: PCI bridge to [bus 0f]
[    1.232008] pci 0000:00:16.4:   bridge window [mem 0xfc300000-0xfc3fffff]
[    1.232025] pci 0000:00:16.4:   bridge window [mem 0xe6900000-0xe69fffff 64bit pref]
[    1.232063] pci 0000:00:16.5: PCI bridge to [bus 10]
[    1.232089] pci 0000:00:16.5:   bridge window [mem 0xfbf00000-0xfbffffff]
[    1.232106] pci 0000:00:16.5:   bridge window [mem 0xe6500000-0xe65fffff 64bit pref]
[    1.232144] pci 0000:00:16.6: PCI bridge to [bus 11]
[    1.232169] pci 0000:00:16.6:   bridge window [mem 0xfbb00000-0xfbbfffff]
[    1.232186] pci 0000:00:16.6:   bridge window [mem 0xe6100000-0xe61fffff 64bit pref]
[    1.232224] pci 0000:00:16.7: PCI bridge to [bus 12]
[    1.232250] pci 0000:00:16.7:   bridge window [mem 0xfb700000-0xfb7fffff]
[    1.232267] pci 0000:00:16.7:   bridge window [mem 0xe5d00000-0xe5dfffff 64bit pref]
[    1.232304] pci 0000:00:17.0: PCI bridge to [bus 13]
[    1.232314] pci 0000:00:17.0:   bridge window [io  0x6000-0x6fff]
[    1.232339] pci 0000:00:17.0:   bridge window [mem 0xfd200000-0xfd2fffff]
[    1.232356] pci 0000:00:17.0:   bridge window [mem 0xe7800000-0xe78fffff 64bit pref]
[    1.232394] pci 0000:00:17.1: PCI bridge to [bus 14]
[    1.232404] pci 0000:00:17.1:   bridge window [io  0xa000-0xafff]
[    1.232429] pci 0000:00:17.1:   bridge window [mem 0xfce00000-0xfcefffff]
[    1.232446] pci 0000:00:17.1:   bridge window [mem 0xe7400000-0xe74fffff 64bit pref]
[    1.232484] pci 0000:00:17.2: PCI bridge to [bus 15]
[    1.232494] pci 0000:00:17.2:   bridge window [io  0xe000-0xefff]
[    1.232519] pci 0000:00:17.2:   bridge window [mem 0xfca00000-0xfcafffff]
[    1.232536] pci 0000:00:17.2:   bridge window [mem 0xe7000000-0xe70fffff 64bit pref]
[    1.232574] pci 0000:00:17.3: PCI bridge to [bus 16]
[    1.232602] pci 0000:00:17.3:   bridge window [mem 0xfc600000-0xfc6fffff]
[    1.232619] pci 0000:00:17.3:   bridge window [mem 0xe6c00000-0xe6cfffff 64bit pref]
[    1.232658] pci 0000:00:17.4: PCI bridge to [bus 17]
[    1.232683] pci 0000:00:17.4:   bridge window [mem 0xfc200000-0xfc2fffff]
[    1.232700] pci 0000:00:17.4:   bridge window [mem 0xe6800000-0xe68fffff 64bit pref]
[    1.232739] pci 0000:00:17.5: PCI bridge to [bus 18]
[    1.232764] pci 0000:00:17.5:   bridge window [mem 0xfbe00000-0xfbefffff]
[    1.232781] pci 0000:00:17.5:   bridge window [mem 0xe6400000-0xe64fffff 64bit pref]
[    1.232819] pci 0000:00:17.6: PCI bridge to [bus 19]
[    1.232845] pci 0000:00:17.6:   bridge window [mem 0xfba00000-0xfbafffff]
[    1.232862] pci 0000:00:17.6:   bridge window [mem 0xe6000000-0xe60fffff 64bit pref]
[    1.232900] pci 0000:00:17.7: PCI bridge to [bus 1a]
[    1.232925] pci 0000:00:17.7:   bridge window [mem 0xfb600000-0xfb6fffff]
[    1.232942] pci 0000:00:17.7:   bridge window [mem 0xe5c00000-0xe5cfffff 64bit pref]
[    1.232980] pci 0000:00:18.0: PCI bridge to [bus 1b]
[    1.232990] pci 0000:00:18.0:   bridge window [io  0x7000-0x7fff]
[    1.233015] pci 0000:00:18.0:   bridge window [mem 0xfd100000-0xfd1fffff]
[    1.233032] pci 0000:00:18.0:   bridge window [mem 0xe7700000-0xe77fffff 64bit pref]
[    1.233070] pci 0000:00:18.1: PCI bridge to [bus 1c]
[    1.233079] pci 0000:00:18.1:   bridge window [io  0xb000-0xbfff]
[    1.233104] pci 0000:00:18.1:   bridge window [mem 0xfcd00000-0xfcdfffff]
[    1.233122] pci 0000:00:18.1:   bridge window [mem 0xe7300000-0xe73fffff 64bit pref]
[    1.233159] pci 0000:00:18.2: PCI bridge to [bus 1d]
[    1.233185] pci 0000:00:18.2:   bridge window [mem 0xfc900000-0xfc9fffff]
[    1.233202] pci 0000:00:18.2:   bridge window [mem 0xe6f00000-0xe6ffffff 64bit pref]
[    1.233246] pci 0000:00:18.3: PCI bridge to [bus 1e]
[    1.233272] pci 0000:00:18.3:   bridge window [mem 0xfc500000-0xfc5fffff]
[    1.233289] pci 0000:00:18.3:   bridge window [mem 0xe6b00000-0xe6bfffff 64bit pref]
[    1.233327] pci 0000:00:18.4: PCI bridge to [bus 1f]
[    1.233353] pci 0000:00:18.4:   bridge window [mem 0xfc100000-0xfc1fffff]
[    1.233370] pci 0000:00:18.4:   bridge window [mem 0xe6700000-0xe67fffff 64bit pref]
[    1.233406] pci 0000:00:18.5: PCI bridge to [bus 20]
[    1.233432] pci 0000:00:18.5:   bridge window [mem 0xfbd00000-0xfbdfffff]
[    1.233449] pci 0000:00:18.5:   bridge window [mem 0xe6300000-0xe63fffff 64bit pref]
[    1.233486] pci 0000:00:18.6: PCI bridge to [bus 21]
[    1.233511] pci 0000:00:18.6:   bridge window [mem 0xfb900000-0xfb9fffff]
[    1.233528] pci 0000:00:18.6:   bridge window [mem 0xe5f00000-0xe5ffffff 64bit pref]
[    1.233565] pci 0000:00:18.7: PCI bridge to [bus 22]
[    1.233590] pci 0000:00:18.7:   bridge window [mem 0xfb500000-0xfb5fffff]
[    1.233618] pci 0000:00:18.7:   bridge window [mem 0xe5b00000-0xe5bfffff 64bit pref]
[    1.233668] pci_bus 0000:00: resource 4 [mem 0x000a0000-0x000bffff window]
[    1.233669] pci_bus 0000:00: resource 5 [mem 0x000d0000-0x000d3fff window]
[    1.233670] pci_bus 0000:00: resource 6 [mem 0x000d4000-0x000d7fff window]
[    1.233670] pci_bus 0000:00: resource 7 [mem 0x000d8000-0x000dbfff window]
[    1.233671] pci_bus 0000:00: resource 8 [mem 0xc0000000-0xfebfffff window]
[    1.233672] pci_bus 0000:00: resource 9 [io  0x0000-0x0cf7 window]
[    1.233672] pci_bus 0000:00: resource 10 [io  0x0d00-0xfeff window]
[    1.233673] pci_bus 0000:02: resource 0 [io  0x2000-0x3fff]
[    1.233674] pci_bus 0000:02: resource 1 [mem 0xfd500000-0xfdffffff]
[    1.233674] pci_bus 0000:02: resource 2 [mem 0xe7b00000-0xe7ffffff 64bit pref]
[    1.233675] pci_bus 0000:02: resource 4 [mem 0x000a0000-0x000bffff window]
[    1.233676] pci_bus 0000:02: resource 5 [mem 0x000d0000-0x000d3fff window]
[    1.233676] pci_bus 0000:02: resource 6 [mem 0x000d4000-0x000d7fff window]
[    1.233677] pci_bus 0000:02: resource 7 [mem 0x000d8000-0x000dbfff window]
[    1.233677] pci_bus 0000:02: resource 8 [mem 0xc0000000-0xfebfffff window]
[    1.233678] pci_bus 0000:02: resource 9 [io  0x0000-0x0cf7 window]
[    1.233678] pci_bus 0000:02: resource 10 [io  0x0d00-0xfeff window]
[    1.233679] pci_bus 0000:03: resource 0 [io  0x4000-0x4fff]
[    1.233680] pci_bus 0000:03: resource 1 [mem 0xfd400000-0xfd4fffff]
[    1.233680] pci_bus 0000:03: resource 2 [mem 0xe7a00000-0xe7afffff 64bit pref]
[    1.233681] pci_bus 0000:04: resource 0 [io  0x8000-0x8fff]
[    1.233681] pci_bus 0000:04: resource 1 [mem 0xfd000000-0xfd0fffff]
[    1.233682] pci_bus 0000:04: resource 2 [mem 0xe7600000-0xe76fffff 64bit pref]
[    1.233682] pci_bus 0000:05: resource 0 [io  0xc000-0xcfff]
[    1.233683] pci_bus 0000:05: resource 1 [mem 0xfcc00000-0xfccfffff]
[    1.233683] pci_bus 0000:05: resource 2 [mem 0xe7200000-0xe72fffff 64bit pref]
[    1.233684] pci_bus 0000:06: resource 1 [mem 0xfc800000-0xfc8fffff]
[    1.233685] pci_bus 0000:06: resource 2 [mem 0xe6e00000-0xe6efffff 64bit pref]
[    1.233685] pci_bus 0000:07: resource 1 [mem 0xfc400000-0xfc4fffff]
[    1.233686] pci_bus 0000:07: resource 2 [mem 0xe6a00000-0xe6afffff 64bit pref]
[    1.233686] pci_bus 0000:08: resource 1 [mem 0xfc000000-0xfc0fffff]
[    1.233687] pci_bus 0000:08: resource 2 [mem 0xe6600000-0xe66fffff 64bit pref]
[    1.233688] pci_bus 0000:09: resource 1 [mem 0xfbc00000-0xfbcfffff]
[    1.233688] pci_bus 0000:09: resource 2 [mem 0xe6200000-0xe62fffff 64bit pref]
[    1.233689] pci_bus 0000:0a: resource 1 [mem 0xfb800000-0xfb8fffff]
[    1.233689] pci_bus 0000:0a: resource 2 [mem 0xe5e00000-0xe5efffff 64bit pref]
[    1.233690] pci_bus 0000:0b: resource 0 [io  0x5000-0x5fff]
[    1.233690] pci_bus 0000:0b: resource 1 [mem 0xfd300000-0xfd3fffff]
[    1.233691] pci_bus 0000:0b: resource 2 [mem 0xe7900000-0xe79fffff 64bit pref]
[    1.233691] pci_bus 0000:0c: resource 0 [io  0x9000-0x9fff]
[    1.233692] pci_bus 0000:0c: resource 1 [mem 0xfcf00000-0xfcffffff]
[    1.233692] pci_bus 0000:0c: resource 2 [mem 0xe7500000-0xe75fffff 64bit pref]
[    1.233693] pci_bus 0000:0d: resource 0 [io  0xd000-0xdfff]
[    1.233694] pci_bus 0000:0d: resource 1 [mem 0xfcb00000-0xfcbfffff]
[    1.233694] pci_bus 0000:0d: resource 2 [mem 0xe7100000-0xe71fffff 64bit pref]
[    1.233695] pci_bus 0000:0e: resource 1 [mem 0xfc700000-0xfc7fffff]
[    1.233695] pci_bus 0000:0e: resource 2 [mem 0xe6d00000-0xe6dfffff 64bit pref]
[    1.233696] pci_bus 0000:0f: resource 1 [mem 0xfc300000-0xfc3fffff]
[    1.233696] pci_bus 0000:0f: resource 2 [mem 0xe6900000-0xe69fffff 64bit pref]
[    1.233697] pci_bus 0000:10: resource 1 [mem 0xfbf00000-0xfbffffff]
[    1.233698] pci_bus 0000:10: resource 2 [mem 0xe6500000-0xe65fffff 64bit pref]
[    1.233698] pci_bus 0000:11: resource 1 [mem 0xfbb00000-0xfbbfffff]
[    1.233699] pci_bus 0000:11: resource 2 [mem 0xe6100000-0xe61fffff 64bit pref]
[    1.233699] pci_bus 0000:12: resource 1 [mem 0xfb700000-0xfb7fffff]
[    1.233700] pci_bus 0000:12: resource 2 [mem 0xe5d00000-0xe5dfffff 64bit pref]
[    1.233701] pci_bus 0000:13: resource 0 [io  0x6000-0x6fff]
[    1.233701] pci_bus 0000:13: resource 1 [mem 0xfd200000-0xfd2fffff]
[    1.233702] pci_bus 0000:13: resource 2 [mem 0xe7800000-0xe78fffff 64bit pref]
[    1.233702] pci_bus 0000:14: resource 0 [io  0xa000-0xafff]
[    1.233703] pci_bus 0000:14: resource 1 [mem 0xfce00000-0xfcefffff]
[    1.233703] pci_bus 0000:14: resource 2 [mem 0xe7400000-0xe74fffff 64bit pref]
[    1.233704] pci_bus 0000:15: resource 0 [io  0xe000-0xefff]
[    1.233704] pci_bus 0000:15: resource 1 [mem 0xfca00000-0xfcafffff]
[    1.233705] pci_bus 0000:15: resource 2 [mem 0xe7000000-0xe70fffff 64bit pref]
[    1.233705] pci_bus 0000:16: resource 1 [mem 0xfc600000-0xfc6fffff]
[    1.233706] pci_bus 0000:16: resource 2 [mem 0xe6c00000-0xe6cfffff 64bit pref]
[    1.233707] pci_bus 0000:17: resource 1 [mem 0xfc200000-0xfc2fffff]
[    1.233707] pci_bus 0000:17: resource 2 [mem 0xe6800000-0xe68fffff 64bit pref]
[    1.233708] pci_bus 0000:18: resource 1 [mem 0xfbe00000-0xfbefffff]
[    1.233708] pci_bus 0000:18: resource 2 [mem 0xe6400000-0xe64fffff 64bit pref]
[    1.233709] pci_bus 0000:19: resource 1 [mem 0xfba00000-0xfbafffff]
[    1.233710] pci_bus 0000:19: resource 2 [mem 0xe6000000-0xe60fffff 64bit pref]
[    1.233710] pci_bus 0000:1a: resource 1 [mem 0xfb600000-0xfb6fffff]
[    1.233711] pci_bus 0000:1a: resource 2 [mem 0xe5c00000-0xe5cfffff 64bit pref]
[    1.233711] pci_bus 0000:1b: resource 0 [io  0x7000-0x7fff]
[    1.233712] pci_bus 0000:1b: resource 1 [mem 0xfd100000-0xfd1fffff]
[    1.233712] pci_bus 0000:1b: resource 2 [mem 0xe7700000-0xe77fffff 64bit pref]
[    1.233713] pci_bus 0000:1c: resource 0 [io  0xb000-0xbfff]
[    1.233713] pci_bus 0000:1c: resource 1 [mem 0xfcd00000-0xfcdfffff]
[    1.233714] pci_bus 0000:1c: resource 2 [mem 0xe7300000-0xe73fffff 64bit pref]
[    1.233715] pci_bus 0000:1d: resource 1 [mem 0xfc900000-0xfc9fffff]
[    1.233715] pci_bus 0000:1d: resource 2 [mem 0xe6f00000-0xe6ffffff 64bit pref]
[    1.233716] pci_bus 0000:1e: resource 1 [mem 0xfc500000-0xfc5fffff]
[    1.233716] pci_bus 0000:1e: resource 2 [mem 0xe6b00000-0xe6bfffff 64bit pref]
[    1.233717] pci_bus 0000:1f: resource 1 [mem 0xfc100000-0xfc1fffff]
[    1.233717] pci_bus 0000:1f: resource 2 [mem 0xe6700000-0xe67fffff 64bit pref]
[    1.233718] pci_bus 0000:20: resource 1 [mem 0xfbd00000-0xfbdfffff]
[    1.233719] pci_bus 0000:20: resource 2 [mem 0xe6300000-0xe63fffff 64bit pref]
[    1.233719] pci_bus 0000:21: resource 1 [mem 0xfb900000-0xfb9fffff]
[    1.233720] pci_bus 0000:21: resource 2 [mem 0xe5f00000-0xe5ffffff 64bit pref]
[    1.233720] pci_bus 0000:22: resource 1 [mem 0xfb500000-0xfb5fffff]
[    1.233721] pci_bus 0000:22: resource 2 [mem 0xe5b00000-0xe5bfffff 64bit pref]
[    1.233974] NET: Registered protocol family 2
[    1.239567] tcp_listen_portaddr_hash hash table entries: 4096 (order: 4, 65536 bytes, linear)
[    1.241331] TCP established hash table entries: 65536 (order: 7, 524288 bytes, linear)
[    1.244762] TCP bind hash table entries: 65536 (order: 8, 1048576 bytes, linear)
[    1.244851] TCP: Hash tables configured (established 65536 bind 65536)
[    1.246607] UDP hash table entries: 4096 (order: 5, 131072 bytes, linear)
[    1.247080] UDP-Lite hash table entries: 4096 (order: 5, 131072 bytes, linear)
[    1.247973] NET: Registered protocol family 1
[    1.247978] NET: Registered protocol family 44
[    1.247984] pci 0000:00:00.0: Limiting direct PCI/PCI transfers
[    1.248099] pci 0000:00:0f.0: Video device with shadowed ROM at [mem 0x000c0000-0x000dffff]
[    1.249838] pci 0000:02:01.0: CLS mismatch (32 != 64), using 64 bytes
[    1.249941] Trying to unpack rootfs image as initramfs...
[    1.958587] Freeing initrd memory: 39824K
[    1.958600] PCI-DMA: Using software bounce buffering for IO (SWIOTLB)
[    1.958602] software IO TLB: mapped [mem 0xbbed0000-0xbfed0000] (64MB)
[    1.958730] check: Scanning for low memory corruption every 60 seconds
[    1.961412] Initialise system trusted keyrings
[    1.961420] Key type blacklist registered
[    1.961664] workingset: timestamp_bits=36 max_order=21 bucket_order=0
[    1.964005] zbud: loaded
[    1.964592] squashfs: version 4.0 (2009/01/31) Phillip Lougher
[    1.965108] fuse: init (API version 7.31)
[    1.965158] *** VALIDATE fuse ***
[    1.965160] *** VALIDATE fuse ***
[    1.965508] Platform Keyring initialized
[    1.969603] Key type asymmetric registered
[    1.969604] Asymmetric key parser 'x509' registered
[    1.969621] Block layer SCSI generic (bsg) driver version 0.4 loaded (major 244)
[    1.969827] io scheduler mq-deadline registered
[    1.970913] pcieport 0000:00:15.0: PME: Signaling with IRQ 24
[    1.971087] pcieport 0000:00:15.0: pciehp: Slot #160 AttnBtn+ PwrCtrl+ MRL- AttnInd- PwrInd- HotPlug+ Surprise- Interlock- NoCompl+ LLActRep+
[    1.971948] pcieport 0000:00:15.1: PME: Signaling with IRQ 25
[    1.972019] pcieport 0000:00:15.1: pciehp: Slot #161 AttnBtn+ PwrCtrl+ MRL- AttnInd- PwrInd- HotPlug+ Surprise- Interlock- NoCompl+ LLActRep+
[    1.972941] pcieport 0000:00:15.2: PME: Signaling with IRQ 26
[    1.973012] pcieport 0000:00:15.2: pciehp: Slot #162 AttnBtn+ PwrCtrl+ MRL- AttnInd- PwrInd- HotPlug+ Surprise- Interlock- NoCompl+ LLActRep+
[    1.973917] pcieport 0000:00:15.3: PME: Signaling with IRQ 27
[    1.973988] pcieport 0000:00:15.3: pciehp: Slot #163 AttnBtn+ PwrCtrl+ MRL- AttnInd- PwrInd- HotPlug+ Surprise- Interlock- NoCompl+ LLActRep+
[    1.974899] pcieport 0000:00:15.4: PME: Signaling with IRQ 28
[    1.974971] pcieport 0000:00:15.4: pciehp: Slot #164 AttnBtn+ PwrCtrl+ MRL- AttnInd- PwrInd- HotPlug+ Surprise- Interlock- NoCompl+ LLActRep+
[    1.975871] pcieport 0000:00:15.5: PME: Signaling with IRQ 29
[    1.975945] pcieport 0000:00:15.5: pciehp: Slot #165 AttnBtn+ PwrCtrl+ MRL- AttnInd- PwrInd- HotPlug+ Surprise- Interlock- NoCompl+ LLActRep+
[    1.976827] pcieport 0000:00:15.6: PME: Signaling with IRQ 30
[    1.976921] pcieport 0000:00:15.6: pciehp: Slot #166 AttnBtn+ PwrCtrl+ MRL- AttnInd- PwrInd- HotPlug+ Surprise- Interlock- NoCompl+ LLActRep+
[    1.977827] pcieport 0000:00:15.7: PME: Signaling with IRQ 31
[    1.977898] pcieport 0000:00:15.7: pciehp: Slot #167 AttnBtn+ PwrCtrl+ MRL- AttnInd- PwrInd- HotPlug+ Surprise- Interlock- NoCompl+ LLActRep+
[    1.978890] pcieport 0000:00:16.0: PME: Signaling with IRQ 32
[    1.978961] pcieport 0000:00:16.0: pciehp: Slot #192 AttnBtn+ PwrCtrl+ MRL- AttnInd- PwrInd- HotPlug+ Surprise- Interlock- NoCompl+ LLActRep+
[    1.980013] pcieport 0000:00:16.1: PME: Signaling with IRQ 33
[    1.980084] pcieport 0000:00:16.1: pciehp: Slot #193 AttnBtn+ PwrCtrl+ MRL- AttnInd- PwrInd- HotPlug+ Surprise- Interlock- NoCompl+ LLActRep+
[    1.981004] pcieport 0000:00:16.2: PME: Signaling with IRQ 34
[    1.981168] pcieport 0000:00:16.2: pciehp: Slot #194 AttnBtn+ PwrCtrl+ MRL- AttnInd- PwrInd- HotPlug+ Surprise- Interlock- NoCompl+ LLActRep+
[    1.982089] pcieport 0000:00:16.3: PME: Signaling with IRQ 35
[    1.982181] pcieport 0000:00:16.3: pciehp: Slot #195 AttnBtn+ PwrCtrl+ MRL- AttnInd- PwrInd- HotPlug+ Surprise- Interlock- NoCompl+ LLActRep+
[    1.983104] pcieport 0000:00:16.4: PME: Signaling with IRQ 36
[    1.983174] pcieport 0000:00:16.4: pciehp: Slot #196 AttnBtn+ PwrCtrl+ MRL- AttnInd- PwrInd- HotPlug+ Surprise- Interlock- NoCompl+ LLActRep+
[    1.984103] pcieport 0000:00:16.5: PME: Signaling with IRQ 37
[    1.984173] pcieport 0000:00:16.5: pciehp: Slot #197 AttnBtn+ PwrCtrl+ MRL- AttnInd- PwrInd- HotPlug+ Surprise- Interlock- NoCompl+ LLActRep+
[    1.985106] pcieport 0000:00:16.6: PME: Signaling with IRQ 38
[    1.985185] pcieport 0000:00:16.6: pciehp: Slot #198 AttnBtn+ PwrCtrl+ MRL- AttnInd- PwrInd- HotPlug+ Surprise- Interlock- NoCompl+ LLActRep+
[    1.986205] pcieport 0000:00:16.7: PME: Signaling with IRQ 39
[    1.986276] pcieport 0000:00:16.7: pciehp: Slot #199 AttnBtn+ PwrCtrl+ MRL- AttnInd- PwrInd- HotPlug+ Surprise- Interlock- NoCompl+ LLActRep+
[    1.987262] pcieport 0000:00:17.0: PME: Signaling with IRQ 40
[    1.987333] pcieport 0000:00:17.0: pciehp: Slot #224 AttnBtn+ PwrCtrl+ MRL- AttnInd- PwrInd- HotPlug+ Surprise- Interlock- NoCompl+ LLActRep+
[    1.988236] pcieport 0000:00:17.1: PME: Signaling with IRQ 41
[    1.988418] pcieport 0000:00:17.1: pciehp: Slot #225 AttnBtn+ PwrCtrl+ MRL- AttnInd- PwrInd- HotPlug+ Surprise- Interlock- NoCompl+ LLActRep+
[    1.989386] pcieport 0000:00:17.2: PME: Signaling with IRQ 42
[    1.989457] pcieport 0000:00:17.2: pciehp: Slot #226 AttnBtn+ PwrCtrl+ MRL- AttnInd- PwrInd- HotPlug+ Surprise- Interlock- NoCompl+ LLActRep+
[    1.990503] pcieport 0000:00:17.3: PME: Signaling with IRQ 43
[    1.990573] pcieport 0000:00:17.3: pciehp: Slot #227 AttnBtn+ PwrCtrl+ MRL- AttnInd- PwrInd- HotPlug+ Surprise- Interlock- NoCompl+ LLActRep+
[    1.991543] pcieport 0000:00:17.4: PME: Signaling with IRQ 44
[    1.991614] pcieport 0000:00:17.4: pciehp: Slot #228 AttnBtn+ PwrCtrl+ MRL- AttnInd- PwrInd- HotPlug+ Surprise- Interlock- NoCompl+ LLActRep+
[    1.992584] pcieport 0000:00:17.5: PME: Signaling with IRQ 45
[    1.992655] pcieport 0000:00:17.5: pciehp: Slot #229 AttnBtn+ PwrCtrl+ MRL- AttnInd- PwrInd- HotPlug+ Surprise- Interlock- NoCompl+ LLActRep+
[    1.993583] pcieport 0000:00:17.6: PME: Signaling with IRQ 46
[    1.993677] pcieport 0000:00:17.6: pciehp: Slot #230 AttnBtn+ PwrCtrl+ MRL- AttnInd- PwrInd- HotPlug+ Surprise- Interlock- NoCompl+ LLActRep+
[    1.994628] pcieport 0000:00:17.7: PME: Signaling with IRQ 47
[    1.994699] pcieport 0000:00:17.7: pciehp: Slot #231 AttnBtn+ PwrCtrl+ MRL- AttnInd- PwrInd- HotPlug+ Surprise- Interlock- NoCompl+ LLActRep+
[    1.995737] pcieport 0000:00:18.0: PME: Signaling with IRQ 48
[    1.995809] pcieport 0000:00:18.0: pciehp: Slot #256 AttnBtn+ PwrCtrl+ MRL- AttnInd- PwrInd- HotPlug+ Surprise- Interlock- NoCompl+ LLActRep+
[    1.996694] pcieport 0000:00:18.1: PME: Signaling with IRQ 49
[    1.996765] pcieport 0000:00:18.1: pciehp: Slot #257 AttnBtn+ PwrCtrl+ MRL- AttnInd- PwrInd- HotPlug+ Surprise- Interlock- NoCompl+ LLActRep+
[    1.997701] pcieport 0000:00:18.2: PME: Signaling with IRQ 50
[    1.997771] pcieport 0000:00:18.2: pciehp: Slot #258 AttnBtn+ PwrCtrl+ MRL- AttnInd- PwrInd- HotPlug+ Surprise- Interlock- NoCompl+ LLActRep+
[    1.998743] pcieport 0000:00:18.3: PME: Signaling with IRQ 51
[    1.998815] pcieport 0000:00:18.3: pciehp: Slot #259 AttnBtn+ PwrCtrl+ MRL- AttnInd- PwrInd- HotPlug+ Surprise- Interlock- NoCompl+ LLActRep+
[    1.999807] pcieport 0000:00:18.4: PME: Signaling with IRQ 52
[    1.999900] pcieport 0000:00:18.4: pciehp: Slot #260 AttnBtn+ PwrCtrl+ MRL- AttnInd- PwrInd- HotPlug+ Surprise- Interlock- NoCompl+ LLActRep+
[    2.000788] pcieport 0000:00:18.5: PME: Signaling with IRQ 53
[    2.000858] pcieport 0000:00:18.5: pciehp: Slot #261 AttnBtn+ PwrCtrl+ MRL- AttnInd- PwrInd- HotPlug+ Surprise- Interlock- NoCompl+ LLActRep+
[    2.001788] pcieport 0000:00:18.6: PME: Signaling with IRQ 54
[    2.001857] pcieport 0000:00:18.6: pciehp: Slot #262 AttnBtn+ PwrCtrl+ MRL- AttnInd- PwrInd- HotPlug+ Surprise- Interlock- NoCompl+ LLActRep+
[    2.002818] pcieport 0000:00:18.7: PME: Signaling with IRQ 55
[    2.002889] pcieport 0000:00:18.7: pciehp: Slot #263 AttnBtn+ PwrCtrl+ MRL- AttnInd- PwrInd- HotPlug+ Surprise- Interlock- NoCompl+ LLActRep+
[    2.003555] shpchp: Standard Hot Plug PCI Controller Driver version: 0.4
[    2.003642] intel_idle: Please enable MWAIT in BIOS SETUP
[    2.004265] ACPI: AC Adapter [ACAD] (on-line)
[    2.004556] input: Power Button as /devices/LNXSYSTM:00/LNXPWRBN:00/input/input0
